04-15 02:09:11.743 25077 25099 I TestRunner: started: selectingDevicePersistsState(com.codex.cardisconnecttracker.MainActivityTest)
04-15 02:09:11.745 25077 25099 D IdlingRegistry: Registering idling resources: [androidx.compose.ui.test.junit4.EspressoLink@130e883]
04-15 02:09:11.747 13975 13975 D RecentsView: onTaskRemoved: 3076, not handling task stack changes
04-15 02:09:11.747 13975 13975 D RecentsView: onTaskRemoved: 3076, not handling task stack changes
04-15 02:09:11.747 13975 13975 D b/417220811: invalidateLoadedTasks - previous requestLoadId: -1
04-15 02:09:11.749 25077 25099 W Settings: Setting always_finish_activities has moved from android.provider.Settings.System to android.provider.Settings.Global, returning read-only value.
04-15 02:09:11.752  1782  5169 V GrammaticalInflectionUtils: AttributionSource: android.content.AttributionSource@9bc23750 does not have READ_SYSTEM_GRAMMATICAL_GENDER permission.
04-15 02:09:11.755 13975 13975 D SsBaseTemplateCard: Passed-in item info is null
04-15 02:09:11.755 13975 13975 I SsBaseTemplateCard: setFormattedContentDescription: text=13°C, iconDescription=Clear night, contentDescription=Clear night 13°C
04-15 02:09:11.755 13975 13975 D SsBaseTemplateCard: Passed-in item info is null
04-15 02:09:11.755 13975 13975 D SsBaseTemplateCard: Passed-in item info is null
04-15 02:09:11.755 13975 13975 I SsBaseTemplateCard: Secondary card pane is null
04-15 02:09:11.756  2673  2711 W DisplayDisconnectTransitionHandler: No disconnect change found in the transition, not handling request.
04-15 02:09:11.756 13975 13975 D RecentsView: onTaskDisplayChanged: 3078, new displayId = 0
04-15 02:09:11.756 13975 13975 D BaseActivity: Launcher flags updated: [state_started|state_resumed|state_deferred_resumed|state_window_focused|state_user_active] -[]
04-15 02:09:11.756   611  3188 I libbinder.BpBinder: onLastStrongRef automatically unlinking death recipients for binder (0xb400006e5bf17250) with descriptor: '(not cached)'
04-15 02:09:11.758 13975 13975 D BaseActivity: Launcher flags updated: [state_started|state_resumed|state_deferred_resumed|state_window_focused] -[state_user_active]
04-15 02:09:11.758 13975 13975 D BaseActivity: Launcher flags updated: [state_started|state_window_focused] -[state_resumed|state_deferred_resumed]
04-15 02:09:11.758 13975 13975 W SplitSelectStateCtor: Missing session instanceIds
04-15 02:09:11.758 13975 13975 D StatsLog: LAUNCHER_SPLIT_SELECTION_EXIT_INTERRUPTED
04-15 02:09:11.761 13975 13975 D RecentsView: onTaskRemoved: 3077, not handling task stack changes
04-15 02:09:11.761 13975 13975 D RecentsView: onTaskRemoved: 3077, not handling task stack changes
04-15 02:09:11.761 13975 13975 D b/417220811: invalidateLoadedTasks - previous requestLoadId: -1
04-15 02:09:11.761 13975 13975 D b/417220811: invalidateLoadedTasks - previous requestLoadId: -1
04-15 02:09:11.761 13975 13975 D b/417220811: invalidateLoadedTasks - previous requestLoadId: -1
04-15 02:09:11.763  2673  2751 D WindowOnBackDispatcher: setTopOnBackInvokedCallback (unwrapped): android.view.ViewRootImpl$$ExternalSyntheticLambda25@7e2564
04-15 02:09:11.763 25077 25077 D LifecycleMonitor: Lifecycle status change: com.codex.cardisconnecttracker.MainActivity@cdfd965 in: PRE_ON_CREATE
04-15 02:09:11.764 25077 25077 V ActivityScenario: Activity lifecycle changed event received but ignored because the reported transition was not ON_CREATE while the last known transition was PRE_ON_CREATE
04-15 02:09:11.765 25077 25077 I StorageUtils: /data/user/0/com.codex.cardisconnecttracker/files/osmdroid is writable
04-15 02:09:11.768 25077 25077 D LifecycleMonitor: Lifecycle status change: com.codex.cardisconnecttracker.MainActivity@cdfd965 in: CREATED
04-15 02:09:11.768 25077 25077 V ActivityScenario: Update currentActivityStage to CREATED, currentActivity=com.codex.cardisconnecttracker.MainActivity@cdfd965
04-15 02:09:11.768 25077 25077 D LifecycleMonitor: Lifecycle status change: com.codex.cardisconnecttracker.MainActivity@cdfd965 in: STARTED
04-15 02:09:11.768 25077 25077 V ActivityScenario: Update currentActivityStage to STARTED, currentActivity=com.codex.cardisconnecttracker.MainActivity@cdfd965
04-15 02:09:11.768 25077 25077 I ContentCaptureHelper: Setting logging level to OFF
04-15 02:09:11.770 25077 25077 D LifecycleMonitor: Lifecycle status change: com.codex.cardisconnecttracker.MainActivity@cdfd965 in: RESUMED
04-15 02:09:11.770 25077 25077 V ActivityScenario: Update currentActivityStage to RESUMED, currentActivity=com.codex.cardisconnecttracker.MainActivity@cdfd965
04-15 02:09:11.773 13975 13975 D b/417220811: invalidateLoadedTasks - previous requestLoadId: -1
04-15 02:09:11.780 13975 13975 D BaseActivity: Launcher flags updated: [state_started] -[state_window_focused]
04-15 02:09:11.782  2673  3224 D WallpaperService: onVisibilityChanged(false): com.android.systemui.wallpapers.ImageWallpaper$CanvasEngine@e34f479
04-15 02:09:11.788 13975 13975 D VRI[NexusLauncherActivity]: visibilityChanged oldVisibility=true newVisibility=false
04-15 02:09:11.791 25077 25077 D VRI[MainActivity]: WindowInsets changed: 1080x2424 statusBars:[0,152,0,0] navigationBars:[0,0,0,69] mandatorySystemGestures:[0,187,0,92]
04-15 02:09:11.792 25077 25077 D WindowOnBackDispatcher: setTopOnBackInvokedCallback (unwrapped): android.view.ViewRootImpl$$ExternalSyntheticLambda25@be57803
04-15 02:09:11.796 13975 13975 D NexusLauncherModelDelegate: notifySmartspaceEvent: SmartspaceTargetEvent{mSmartspaceTarget=null, mSmartspaceActionId='null', mEventType=7}
04-15 02:09:11.797 16287 16308 I AiAiEcho: (REDACTED) %s No tracked ambient data found for ID: %s; for event type: %d, skipping event processing.
04-15 02:09:11.807  1782  1853 I ActivityTaskManager: Displayed com.codex.cardisconnecttracker/.MainActivity for user 0: +55ms
04-15 02:09:11.812 13975 13975 D BaseActivity: Launcher flags updated: [] -[state_started]
04-15 02:09:11.813 13975 13975 D BaseDepthController: setSurface:
04-15 02:09:11.813 13975 13975 D BaseDepthController: 	mWaitingOnSurfaceValidity: false
04-15 02:09:11.813 13975 13975 D BaseDepthController: 	mBaseSurface: null
04-15 02:09:11.813 13975 13975 D BaseDepthController: mSurface is null and mCurrentBlur is: 0
04-15 02:09:11.813 13975 13975 D LauncherStateManager: StateManager.goToState: fromState: Normal, toState: Normal, partial trace:
04-15 02:09:11.813 13975 13975 D LauncherStateManager: 	at com.android.launcher3.statemanager.StateManager.moveToRestState(go/retraceme 144566bd9520bc83e5304c26b07b13110d583e327fe0d444e5839d5db5f7f1ec:27)
04-15 02:09:11.813 13975 13975 D LauncherStateManager: 	at com.android.launcher3.statemanager.StateManager.moveToRestState(go/retraceme 144566bd9520bc83e5304c26b07b13110d583e327fe0d444e5839d5db5f7f1ec:36)
04-15 02:09:11.813 13975 13975 D LauncherStateManager: 	at com.android.launcher3.statemanager.StatefulActivity.onStop(go/retraceme 144566bd9520bc83e5304c26b07b13110d583e327fe0d444e5839d5db5f7f1ec:32)
04-15 02:09:11.813 13975 13975 D LauncherStateManager: StateManager.onRepeatStateSetAborted: state: Normal
04-15 02:09:11.813 13975 13975 D KeyboardStateManager: hideKeyboard
04-15 02:09:11.813 13975 13975 D KeyboardStateManager: isImeShown: false
04-15 02:09:11.813 13975 13975 D StatsLog: LAUNCHER_ONSTOP
04-15 02:09:11.813 13975 13975 D StatsLog: LAUNCHER_GOOGLE_SEARCH_RESTORE_LIST_SIZE_AFTER_ACTIVITY_RESTART
04-15 02:09:11.814 13975 14049 D GmsPlayProvider: Shutdown the binder channel gracefully.
04-15 02:09:11.814 13975 14049 D GmsPlayProvider: Binder channel is terminated gracefully.
04-15 02:09:11.817  2673  2751 D WindowOnBackDispatcher: setTopOnBackInvokedCallback (unwrapped): null
04-15 02:09:11.831  1782  2306 I ImeTracker: com.codex.cardisconnecttracker:179a91ef: onRequestHide at ORIGIN_SERVER reason HIDE_UNSPECIFIED_WINDOW fromUser false userId 0 displayId 0
04-15 02:09:11.832 25077 25077 I ImeTracker: com.codex.cardisconnecttracker:179a91ef: onCancelled at PHASE_CLIENT_ALREADY_HIDDEN
04-15 02:09:11.833  4203  4203 I GoogleInputMethodService: GoogleInputMethodService.onFinishInput():2159
04-15 02:09:11.833  4203  4203 I Module  : DeviceLockedStatusModuleProvider$Module.updateDeviceLockedStatus():103 repeatCheckTimes = 0, locked = false
04-15 02:09:11.833  4203  4203 I GoogleInputMethodService: GoogleInputMethodService.onStartInput():1434 onStartInput(EditorInfo{EditorInfo{packageName=com.codex.cardisconnecttracker, inputType=0, inputTypeString=NULL, enableLearning=false, autoCorrection=false, autoComplete=false, imeOptions=0, privateImeOptions=null, actionName=UNSPECIFIED, actionLabel=null, initialSelStart=-1, initialSelEnd=-1, initialCapsMode=0, label=null, fieldId=0, fieldName=null, extras=null, hintText=null, hintLocales=[]}}, false)
04-15 02:09:11.833  4203  4203 I AndroidIME: LatinIMEBase.updateInputViewCoverNavigation():312 Update input view padding, isNavbarOverInputWindow=true, bottom inset=138
04-15 02:09:11.834  4203  4203 I Module  : DeviceLockedStatusModuleProvider$Module.updateDeviceLockedStatus():103 repeatCheckTimes = 1, locked = false
04-15 02:09:11.834  1782  4926 I ImeTracker: system_server:507a0c66: onRequestHide at ORIGIN_SERVER reason IME_REQUESTED_CHANGED_LISTENER fromUser false displayId 0
04-15 02:09:11.834  1782  1857 I ImeTracker: system_server:507a0c66: onCancelled at PHASE_SERVER_SHOULD_HIDE
04-15 02:09:11.861 13975 13975 D b/417220811: invalidateLoadedTasks - previous requestLoadId: -1
04-15 02:09:11.886  1782  2643 W ImageReader_JNI: Unable to acquire a buffer item, very likely client tried to acquire more than maxImages buffers
04-15 02:09:11.899  2784 10650 D IpClient/wlan0: interfaceLinkStateChanged: ifindex 47 up
04-15 02:09:11.941  1782  2581 D InetDiagMessage: Destroyed 0 sockets, proto=IPPROTO_TCP, family=AF_INET, states=14
04-15 02:09:11.944  1782  2581 D InetDiagMessage: Destroyed 0 sockets, proto=IPPROTO_TCP, family=AF_INET6, states=14
04-15 02:09:11.944  1782  2581 D InetDiagMessage: Destroyed live tcp sockets for uids={10213} in 6ms
04-15 02:09:11.945  1782  2581 D InetDiagMessage: Destroyed 0 sockets, proto=IPPROTO_TCP, family=AF_INET, states=14
04-15 02:09:11.946  1782  2581 D InetDiagMessage: Destroyed 0 sockets, proto=IPPROTO_TCP, family=AF_INET6, states=14
04-15 02:09:11.947  1782  2581 D InetDiagMessage: Destroyed live tcp sockets for uids={20213} in 2ms
04-15 02:09:11.956 16040 24950 I FusedLocation: stationary throttling disengaged [CONTEXT service_id=6 ]
04-15 02:09:11.959  1782  3226 V GrammaticalInflectionUtils: AttributionSource: android.content.AttributionSource@9d770fef does not have READ_SYSTEM_GRAMMATICAL_GENDER permission.
04-15 02:09:11.961 13975 13975 D RecentsView: onTaskDisplayChanged: 3079, new displayId = 0
04-15 02:09:11.962   611  3188 I libbinder.BpBinder: onLastStrongRef automatically unlinking death recipients for binder (0xb400006e5bed8950) with descriptor: '(not cached)'
04-15 02:09:11.964 13975 13975 D b/417220811: invalidateLoadedTasks - previous requestLoadId: -1
04-15 02:09:11.964 13975 13975 D b/417220811: invalidateLoadedTasks - previous requestLoadId: -1
04-15 02:09:11.965 25077 25077 D LifecycleMonitor: Lifecycle status change: com.codex.cardisconnecttracker.MainActivity@cdfd965 in: PAUSED
04-15 02:09:11.965  2673  2711 W DisplayDisconnectTransitionHandler: No disconnect change found in the transition, not handling request.
04-15 02:09:11.965 25077 25077 V ActivityScenario: Update currentActivityStage to PAUSED, currentActivity=com.codex.cardisconnecttracker.MainActivity@cdfd965
04-15 02:09:11.967   766   766 W powerhal-libperfmgr: Sess(15075), cannot resume, already active
04-15 02:09:11.967   766   766 W powerhal-libperfmgr: Sess(15083), cannot resume, already active
04-15 02:09:11.967   766   766 W powerhal-libperfmgr: Sess(15079), cannot resume, already active
04-15 02:09:11.968  1291  1291 D usf_sensor_hal: accelerometer: Enter Batch. Period = 10000000, latency = 20000000.
04-15 02:09:11.969  1499  1499 I AIDL    : Gnss::setPositionMode: Called
04-15 02:09:11.970  1499  1499 I AIDL    : Gnss::setPositionMode: Exit
04-15 02:09:11.970  1352  1424 W PixelGnssChreClient: UpdateLocationInterval 0 and Location start 1.
04-15 02:09:11.970  1499  1499 I AIDL    : Gnss::start: Called
04-15 02:09:11.970  1499  1499 I AIDL    : GNSS Version : [ SPOTNAV_4.15.4_13_251118_R1_299506_Nov 25 2025_18:11:06 ]
04-15 02:09:11.970  1499  1499 I AIDL    : GNSS Commit Hash: 2874b5fa2cc8654fdd12c09f793983e5320d9b42
04-15 02:09:11.971  1534  1534 D AOC     : A3:MSG: usf_sensor.cc, 2512: USF: Received reconfig sampling request for LSM6DSV Accelerometer.
04-15 02:09:11.971  1499  1518 D GNSS    : lal_check_memory_size: tid=1518 tName=lal_state_threa memSize=3068(KB) limit=524288(KB) tx=0 rx=0
04-15 02:09:11.973  1534  1534 D AOC     : A3:MSG: lsm6dsv_device.cc, 732: USF: Lsm6dsvDevice: Sensor 0: Enabled 1, odr_index 6, period_ns 10000000.
04-15 02:09:11.973  1534  1534 D AOC     : A3:MSG: lsm6dsv_fifo.cc, 755: USF: Lsm6dsvFifo: ODR: XL/G/T/TS: 120/60/15/15 WM: 3 Intr: 70.
04-15 02:09:11.974  1499  1520 I AIDL    : GNSSReportStatus: status=3 cbIsNULL=0
04-15 02:09:11.974  2673  2751 D WindowOnBackDispatcher: setTopOnBackInvokedCallback (unwrapped): android.view.ViewRootImpl$$ExternalSyntheticLambda25@3dca53a
04-15 02:09:11.975  1291  1291 D usf_sensor_hal: IMU temperature: Enter Batch. Period = 533334000, latency = 20000000.
04-15 02:09:11.975  1534  1534 D AOC     : A3:MSG: lsm6dsv_device.cc, 641: USF: Lsm6dsvDevice: Fifo was disabled for 793905ns.
04-15 02:09:11.972  1490  2194 D GNSS    : lal_check_memory_size: tid=2194 tName=lal_state_threa memSize=1732(KB) limit=524288(KB) tx=0 rx=0
04-15 02:09:11.976  1352  1424 W PixelGnssChreClient: LocationStart 1 and Interval 0.
04-15 02:09:11.976  1499  1520 I AIDL    : GNSSReportStatus: gnssStatusCb() returned
04-15 02:09:11.976  1499  1520 I AIDL    : GNSSReportStatus: status=1 cbIsNULL=0
04-15 02:09:11.977  1534  1534 D AOC     : A3:MSG: usf_sensor.cc, 2512: USF: Received reconfig sampling request for LSM6DSV Temperature.
04-15 02:09:11.978  1291  1291 D usf_sensor_hal: accelerometer: Enter Flush
04-15 02:09:11.978  1490  2194 D GNSS    : GNSS Library Version:
04-15 02:09:11.978  1291  2034 I sensor-suez: Vendor atom [id = 100243] reported.
04-15 02:09:11.978  1490  2194 D GNSS    : GNSS SW 36(Android 16) Commit=2874b5fa2cc8654fdd12c09f793983e5320d9b42 GL=
04-15 02:09:11.979  1352  1525 W PixelGnssChreClient: Failed to find the AR endpoint. Will not connect until it is available.
04-15 02:09:11.980  1272  1272 I CHRE.HAL: Client 3 registers endpoint id 1
04-15 02:09:11.981  1291  2034 I sensor-suez: Vendor atom [id = 100243] reported.
04-15 02:09:11.981  1490  2194 I LibSITRil-Gps: RequestAGPS: msgId=233 data=0x0 data_len=0 callback=0x6ff780af20
04-15 02:09:11.981  1490  2194 D RILClient: [OemClient] RILC_Send msgId:233 lengh:0 channel:0
04-15 02:09:11.981  1490  2194 D RILClient: [OemClient]REQ (clientId = 1, t = 210, msgId = 233, len = 0 channel = 0)
04-15 02:09:11.981  1490  2194 I LibSITRil-Gps: RequestAGPS: msgId=230 data=0x0 data_len=0 callback=0x6ff780af20
04-15 02:09:11.981  1490  2194 D RILClient: [OemClient] RILC_Send msgId:230 lengh:0 channel:0
04-15 02:09:11.981  1490  2194 D RILClient: [OemClient]REQ (clientId = 1, t = 211, msgId = 230, len = 0 channel = 0)
04-15 02:09:11.982  1490  2205 D RILClient: [OemClient]RSP: (clientId = 1, t = 210, msgId = 233, len = 30, channel = 0, status = 0)
04-15 02:09:11.982  1490  2205 I LibSITRil-Gps: RequestAGPS: msgId=201 data=0x6ff63074f0 data_len=2 callback=0x6ff780af20
04-15 02:09:11.982  1490  2205 D RILClient: [OemClient] RILC_Send msgId:201 lengh:2 channel:0
04-15 02:09:11.982  1490  2205 D RILClient: [OemClient]REQ (clientId = 1, t = 212, msgId = 201, len = 2 channel = 0)
04-15 02:09:11.982  1490  2205 I LibSITRil-Gps: RequestAGPS: msgId=229 data=0x0 data_len=0 callback=0x6ff780af20
04-15 02:09:11.982  1490  2205 D RILClient: [OemClient] RILC_Send msgId:229 lengh:0 channel:0
04-15 02:09:11.982  1490  2205 D RILClient: [OemClient]REQ (clientId = 1, t = 213, msgId = 229, len = 0 channel = 0)
04-15 02:09:11.982  1490  2205 D RILClient: [OemClient]RSP: (clientId = 1, t = 211, msgId = 230, len = 8, channel = 0, status = 0)
04-15 02:09:11.983  1272  1312 I CHRE.HAL: Added embedded endpoint (0x70676e7373000000, 0x1)
04-15 02:09:11.984  1499  1520 I AIDL    : GNSSReportStatus: gnssStatusCb() returned
04-15 02:09:11.984  1499  1520 I AIDL    : GNSSStartHandler: Success
04-15 02:09:11.986  1490  2194 I LibSITRil-Gps: RequestAGPS: msgId=201 data=0x70032ef8b0 data_len=2 callback=0x6ff780af20
04-15 02:09:11.986  1490  2194 D RILClient: [OemClient] RILC_Send msgId:201 lengh:2 channel:0
04-15 02:09:11.986  1490  2194 D RILClient: [OemClient]REQ (clientId = 1, t = 214, msgId = 201, len = 2 channel = 0)
04-15 02:09:11.986  1490  2194 I LibSITRil-Gps: RequestAGPS: msgId=229 data=0x0 data_len=0 callback=0x6ff780af20
04-15 02:09:11.986  1490  2194 D RILClient: [OemClient] RILC_Send msgId:229 lengh:0 channel:0
04-15 02:09:11.986  1490  2194 D RILClient: [OemClient]REQ (clientId = 1, t = 215, msgId = 229, len = 0 channel = 0)
04-15 02:09:11.987 15732 15732 D BoundBrokerSvc: onRebind: Intent { act=com.google.android.gms.onboardingconsent.api.ConsentManagerApiService.START dat=chimera-action:/... xflg=0x4 cmp=com.google.android.gms/.chimera.GmsApiService }
04-15 02:09:11.991  1291  1291 D usf_sensor_hal: pressure: Enter Batch. Period = 100000000, latency = 0.
04-15 02:09:11.991  1291  2034 I sensor-suez: Vendor atom [id = 100243] reported.
04-15 02:09:11.991  1291  1291 D usf_sensor_hal: pressure: Enter Activate. Enable = 1.
04-15 02:09:11.992 16040 25226 I FusedOrientationManager: Registering orientation client. [CONTEXT service_id=6 ]
04-15 02:09:11.994 13975 13975 D b/417220811: invalidateLoadedTasks - previous requestLoadId: -1
04-15 02:09:11.994  1272  1312 I CHRE.HAL: Embedded endpoint (0x70676e7373000000, 0x1) ready
04-15 02:09:11.994 25123 25123 D VRI[InstrumentationActivityInvoker$EmptyActivity]: WindowInsets changed: 1080x2424 statusBars:[0,152,0,0] navigationBars:[0,0,0,69] mandatorySystemGestures:[0,187,0,92]
04-15 02:09:11.995 25123 25123 D WindowOnBackDispatcher: setTopOnBackInvokedCallback (unwrapped): android.view.ViewRootImpl$$ExternalSyntheticLambda25@12e5433
04-15 02:09:11.995 15732 15821 W ConsentManagerApiServic: Consent Manager API is not enabled. [CONTEXT service_id=460 ]
04-15 02:09:11.995  1534  1534 D AOC     : A3:MSG: usf_sensor.cc, 1866: USF: Received start sampling request for SPL07003 Barometer (active:2).
04-15 02:09:11.995  1534  1534 D AOC     : A3:MSG: spxyz00n_sensor.cc, 102: USF: Spxyz00nSensor: Start 0, period: 40000000, latency: 100000000.
04-15 02:09:11.997  1534  1534 D AOC     : A3:MSG: spxyz00n_sensor.cc, 114: USF: Spxyz00nSensor: Supported sampling period: 40000000 ns.
04-15 02:09:11.998  1291  2034 I sensor-suez: Vendor atom [id = 100242] reported.
04-15 02:09:11.998  1291  2034 I sensor-suez: Vendor atom [id = 100243] reported.
04-15 02:09:11.999  1534  1534 D AOC     : CHRE: DRAM vote count begins
04-15 02:09:11.999  1534  1534 D AOC     : CHRE: DRAM vote count ends: 0 ms
04-15 02:09:11.999  1534  1534 D AOC     : CHRE: DRAM vote count begins
04-15 02:09:12.000  1534  1534 D AOC     : CHRE: DRAM vote count ends: 0 ms
04-15 02:09:12.001  1272  1312 D CHRE.HAL: Received a nanoapp message from 0x476f6f676c001044 endpoint 0x80c1: Type 0x3 size 2
04-15 02:09:12.001 16040 16143 W inertial-anchor: Triggering reinit due to mag declination change
04-15 02:09:12.001 16040 16143 W Looper  : Looper already prepared for this thread with a different value for the LOOPER_PREPARE_ALLOW_NON_CALLBACKS option.
04-15 02:09:12.001  1272  1312 D CHRE.HAL: Received a nanoapp message from 0x476f6f676c001044 endpoint 0x80c1: Type 0x8 size 4
04-15 02:09:12.002  1272  1312 D CHRE    : @ 625048.595: Parsed nanoapp message from host: app ID 0x476f6f676c001044 endpoint 0x80c1 msgType 1 payload size 3
04-15 02:09:12.002  1272  1312 D CHRE    : @ 625048.596: chrexTimePulseSubscribe time_sync nanoapp instance 23
04-15 02:09:12.002  1291  1291 D usf_sensor_hal: accelerometer: Enter Flush
04-15 02:09:12.002  1272  1312 I CHRE    : @ 625048.596: [TimeSyncManager] Activity Bypass module initialize
04-15 02:09:12.002  1272  1312 I CHRE    : @ 625048.596: [TimeSyncManager] Activity Ready
04-15 02:09:12.002  1272  1312 I CHRE    : @ 625048.596: [TimeSyncManager] Registered 32961 as new client 128
04-15 02:09:12.002  1272  1312 I CHRE    : @ 625048.596: [AR] ArService: registerClient 23
04-15 02:09:12.002  1272  1312 I CHRE    : @ 625048.596: [TimeSyncManager] AR=4 confidence=962 motion confidence=52
04-15 02:09:12.002  1272  1312 W CHRE    : @ 625048.596: [TimeSyncManager] Unexpected event type 33026
04-15 02:09:12.002  1291  2034 I sensor-suez: Vendor atom [id = 100243] reported.
04-15 02:09:12.002  1291  1291 D usf_sensor_hal: accelerometer: Enter Batch. Period = 10000000, latency = 0.
04-15 02:09:12.002  1499  1499 I AIDL    : setActivityState: 3 1 93 5 259767 1
04-15 02:09:12.002 16040 16165 W Settings: Setting airplane_mode_on has moved from android.provider.Settings.System to android.provider.Settings.Global, returning read-only value.
04-15 02:09:12.005  1291  2034 I sensor-suez: Vendor atom [id = 100245] reported.
04-15 02:09:12.005  1534  1534 D AOC     : A3:MSG: usf_sensor.cc, 2512: USF: Received reconfig sampling request for LSM6DSV Accelerometer.
04-15 02:09:12.006  2673  2711 W DisplayDisconnectTransitionHandler: No disconnect change found in the transition, not handling request.
04-15 02:09:12.006 25077 25077 D VRI[MainActivity]: visibilityChanged oldVisibility=true newVisibility=false
04-15 02:09:12.006  1534  1534 D AOC     : A3:MSG: lsm6dsv_device.cc, 732: USF: Lsm6dsvDevice: Sensor 0: Enabled 1, odr_index 6, period_ns 10000000.
04-15 02:09:12.007  1534  1534 D AOC     : A3:MSG: lsm6dsv_fifo.cc, 755: USF: Lsm6dsvFifo: ODR: XL/G/T/TS: 120/60/15/15 WM: 1 Intr: 120.
04-15 02:09:12.007  1534  1534 D AOC     : CHRE: DRAM vote count begins
04-15 02:09:12.007  1534  1534 D AOC     : A3:MSG: lsm6dsv_device.cc, 641: USF: Lsm6dsvDevice: Fifo was disabled for 605469ns.
04-15 02:09:12.007  1291  1291 D usf_sensor_hal: IMU temperature: Enter Batch. Period = 533334000, latency = 0.
04-15 02:09:12.009  1782  1853 I ActivityTaskManager: Displayed com.codex.cardisconnecttracker.test/androidx.test.core.app.InstrumentationActivityInvoker$EmptyActivity for user 0: +49ms
04-15 02:09:12.010  1291  1291 D usf_sensor_hal: magnetometer: Enter Batch. Period = 200000000, latency = 0.
04-15 02:09:12.010  1291  1291 D usf_sensor_hal: magnetometer: Enter Activate. Enable = 1.
04-15 02:09:12.010   611  3196 I libbinder.BpBinder: onLastStrongRef automatically unlinking death recipients for binder (0xb400006e5bf15db0) with descriptor: '(not cached)'
04-15 02:09:12.010  1291  2034 I sensor-suez: Vendor atom [id = 100243] reported.
04-15 02:09:12.010  1291  2034 I sensor-suez: Vendor atom [id = 100243] reported.
04-15 02:09:12.011  1534  1534 D AOC     : A3:MSG: usf_sensor.cc, 2512: USF: Received reconfig sampling request for LSM6DSV Temperature.
04-15 02:09:12.011  1534  1534 D AOC     : CHRE: DRAM vote count ends: 0 ms
04-15 02:09:12.012 13975 13975 D ViewRootImpl: Skipping stats log for color mode
04-15 02:09:12.012 13975 13975 D BaseActivity: Launcher flags updated: [state_started] +[state_started]
04-15 02:09:12.013 13975 13975 D BaseActivity: Launcher flags updated: [state_started|state_resumed|state_user_active] +[state_resumed|state_user_active]
04-15 02:09:12.013 13975 13975 D BaseActivity: Launcher flags updated: [state_started|state_resumed|state_user_active] +[]
04-15 02:09:12.014 13975 13975 D NexusLauncherModelDelegate: notifySmartspaceEvent: SmartspaceTargetEvent{mSmartspaceTarget=null, mSmartspaceActionId='null', mEventType=6}
04-15 02:09:12.015 16287 16308 I AiAiEcho: (REDACTED) %s No tracked ambient data found for ID: %s; for event type: %d, skipping event processing.
04-15 02:09:12.015  1272  1312 D CHRE    : @ 625048.603: Parsed nanoapp message from host: app ID 0x476f6f676c001013 endpoint 0x3c msgType 1 payload size 28
04-15 02:09:12.016  1272  1312 I CHRE    : @ 625048.608: [NanoMinion] received MSG Type 0x1, Version 0, 24 bytes
04-15 02:09:12.016  1534  1534 D AOC     : A3:MSG: usf_sensor.cc, 1866: USF: Received start sampling request for MMC5616 Magnetometer (active:2).
04-15 02:09:12.016  1534  1534 D AOC     : A3:MSG: mmc5616_device.cc, 448: USF: MMC56160: mmc5616_enable_measure odr = 10.
04-15 02:09:12.016  1534  1534 D AOC     : CHRE: DRAM vote count begins
04-15 02:09:12.016  1534  1534 D AOC     : CHRE: DRAM vote count ends: 0 ms
04-15 02:09:12.016  1534  1534 D AOC     : CHRE: DRAM vote count begins
04-15 02:09:12.017  1291  1291 W usf_sensor_hal: Registry node "/dev/magcc/0" not found.
04-15 02:09:12.018  1291  1291 D usf_sensor_hal: magnetometer: Enter Batch. Period = 20000000, latency = 0.
04-15 02:09:12.019  1291  2034 I sensor-suez: Vendor atom [id = 100242] reported.
04-15 02:09:12.019  1291  2034 I sensor-suez: Vendor atom [id = 100243] reported.
04-15 02:09:12.019  1534  1534 D AOC     : A3:MSG: usf_sensor.cc, 2512: USF: Received reconfig sampling request for MMC5616 Magnetometer.
04-15 02:09:12.019  1534  1534 D AOC     : A3:MSG: mmc5616_device.cc, 448: USF: MMC56160: mmc5616_enable_measure odr = 50.
04-15 02:09:12.019 13975 13975 D BaseDepthController: setSurface:
04-15 02:09:12.019 13975 13975 D BaseDepthController: 	mWaitingOnSurfaceValidity: false
04-15 02:09:12.019 13975 13975 D BaseDepthController: 	mBaseSurface: Surface(name=com.google.android.apps.nexuslauncher/com.google.android.apps.nexuslauncher.NexusLauncherActivity#80779)/@0xba6ca9
04-15 02:09:12.019 13975 13975 V BaseDepthController: Applying blur: 0 to Surface(name=com.google.android.apps.nexuslauncher/com.google.android.apps.nexuslauncher.NexusLauncherActivity#80779)/@0xba6ca9 applyImmediately: false
04-15 02:09:12.020 13975 13975 D BaseDepthController: shouldBlurWorkspace: false targetState: Normal currentStableState: Normal mCurrentBlur: 0 mLauncher.getDepthBlurTargets(): [com.android.launcher3.Workspace{5958714 V.ED..... .......D 0,0-1080,2424 #7f0a04ae app:id/workspace}, com.android.launcher3.Hotseat{fdecb17 V.ED..... .......D 0,1906-1080,2424 #7f0a01f6 app:id/hotseat}]
04-15 02:09:12.020  1291  2034 I sensor-suez: Vendor atom [id = 100243] reported.
04-15 02:09:12.020 25077 25077 D LifecycleMonitor: Lifecycle status change: com.codex.cardisconnecttracker.MainActivity@cdfd965 in: STOPPED
04-15 02:09:12.020 25123 25127 I ecttracker.test: Compiler allocated 5038KB to compile void android.view.ViewRootImpl.performTraversals()
04-15 02:09:12.020 25077 25077 V ActivityScenario: Update currentActivityStage to STOPPED, currentActivity=com.codex.cardisconnecttracker.MainActivity@cdfd965
04-15 02:09:12.022  1534  1534 D AOC     : CHRE: DRAM vote count ends: 0 ms
04-15 02:09:12.022  1534  1534 D AOC     : CHRE: DRAM vote count begins
04-15 02:09:12.022  1534  1534 D AOC     : CHRE: DRAM vote count ends: 0 ms
04-15 02:09:12.022  1534  1534 D AOC     : CHRE: DRAM vote count begins
04-15 02:09:12.022  1272  1312 D CHRE.HAL: Received a nanoapp message from 0x476f6f676c001013 endpoint 0x3c: Type 0x401 size 17
04-15 02:09:12.022  1272  1312 D CHRE.HAL: Received a nanoapp message from 0x476f6f676c00100d endpoint 0x3f: Type 0x401 size 31
04-15 02:09:12.022  1272  1312 I CHRE    : @ 625048.613: [BluePixel] *** Receiving StartDelivery request ***
04-15 02:09:12.022  1272  1312 I CHRE    : @ 625048.613: [BluePixel] FLP mode 1, FOP enabled 1, Max duration 3605 sec, Stream IA only 1, Platform flush 1
04-15 02:09:12.023  1272  1312 D CHRE    : @ 625048.615: Parsed nanoapp message from host: app ID 0x476f6f676c00100d endpoint 0x3f msgType 1 payload size 8
04-15 02:09:12.023  1272  1312 I CHRE    : @ 625048.616: [NanoMinion] sent MSG Type 0x2, Version 0, 9 bytes, MessageId 228
04-15 02:09:12.023  1534  1534 D AOC     : CHRE: DRAM vote count ends: 0 ms
04-15 02:09:12.023  1534  1534 D AOC     : CHRE: DRAM vote count begins
04-15 02:09:12.023  1272  1312 I CHRE    : @ 625048.619: [NanoMinion] received MSG Type 0x1, Version 1, 4 bytes
04-15 02:09:12.023  1291  1291 D usf_sensor_hal: gyroscope: Enter Batch. Period = 200000000, latency = 0.
04-15 02:09:12.023  1291  1291 D usf_sensor_hal: IMU temperature: Enter Batch. Period = 533334000, latency = 0.
04-15 02:09:12.024  1490  2204 D RILClient: [OemClient]RSP: (clientId = 1, t = 212, msgId = 201, len = 158, channel = 0, status = 0)
04-15 02:09:12.024  2673  3224 D WallpaperService: onVisibilityChanged(true): com.android.systemui.wallpapers.ImageWallpaper$CanvasEngine@e34f479
04-15 02:09:12.024  1291  2034 I sensor-suez: Vendor atom [id = 100243] reported.
04-15 02:09:12.025  1272  1312 I CHRE    : @ 625048.621: [NanoMinion] sent MSG Type 0x2, Version 0, 23 bytes, MessageId 69
04-15 02:09:12.025  1272  1312 I CHRE    : @ 625048.621: [cc] ping enabled=0, since_start_millis=625012376, session_seq=325, session_dur_millis=1504520, accel_in_session=0
04-15 02:09:12.025  1490  2204 D RILClient: [OemClient]RSP: (clientId = 1, t = 213, msgId = 229, len = 9, channel = 0, status = 0)
04-15 02:09:12.025  1534  1534 D AOC     : CHRE: DRAM vote count ends: 0 ms
04-15 02:09:12.025  1534  1534 D AOC     : CHRE: DRAM vote count begins
04-15 02:09:12.025  1534  1534 D AOC     : CHRE: DRAM vote count ends: 0 ms
04-15 02:09:12.025  1291  1291 D usf_sensor_hal: gyroscope: Enter Activate. Enable = 1.
04-15 02:09:12.026  1534  1534 D AOC     : A3:MSG: usf_sensor.cc, 1866: USF: Received start sampling request for LSM6DSV Gyroscope (active:2).
04-15 02:09:12.027  1291  2034 I sensor-suez: Vendor atom [id = 100242] reported.
04-15 02:09:12.027  1291  2034 I sensor-suez: Vendor atom [id = 100243] reported.
04-15 02:09:12.028  1490  2205 D RILClient: [OemClient]RSP: (clientId = 1, t = 214, msgId = 201, len = 158, channel = 0, status = 0)
04-15 02:09:12.028  1291  1291 D usf_sensor_hal: gyroscope: Enter Batch. Period = 10000000, latency = 0.
04-15 02:09:12.028  1490  2205 D RILClient: [OemClient]RSP: (clientId = 1, t = 215, msgId = 229, len = 9, channel = 0, status = 0)
04-15 02:09:12.029  1534  1534 D AOC     : A3:MSG: usf_sensor.cc, 2512: USF: Received reconfig sampling request for LSM6DSV Gyroscope.
04-15 02:09:12.030 13975 13975 D BaseActivity: Launcher flags updated: [state_started|state_resumed|state_deferred_resumed|state_user_active] +[state_deferred_resumed]
04-15 02:09:12.030 13975 13975 D StatsLog: LAUNCHER_ONRESUME
04-15 02:09:12.030 13975 13975 D b/417220811: invalidateLoadedTasks - previous requestLoadId: -1
04-15 02:09:12.030  1291  2034 I sensor-suez: Vendor atom [id = 100245] reported.
04-15 02:09:12.031  1534  1534 D AOC     : A3:MSG: lsm6dsv_device.cc, 732: USF: Lsm6dsvDevice: Sensor 1: Enabled 1, odr_index 6, period_ns 10000000.
04-15 02:09:12.031  1534  1534 D AOC     : A3:MSG: lsm6dsv_fifo.cc, 755: USF: Lsm6dsvFifo: ODR: XL/G/T/TS: 120/120/15/15 WM: 2 Intr: 120.
04-15 02:09:12.032  1534  1534 D AOC     : A3:MSG: lsm6dsv_device.cc, 641: USF: Lsm6dsvDevice: Fifo was disabled for 655843ns.
04-15 02:09:12.034  1291  1291 D usf_sensor_hal: IMU temperature: Enter Batch. Period = 533334000, latency = 0.
04-15 02:09:12.034  1291  2034 I sensor-suez: Vendor atom [id = 100245] reported.
04-15 02:09:12.034  1291  2034 I sensor-suez: Vendor atom [id = 100243] reported.
04-15 02:09:12.034 25077 25077 D LifecycleMonitor: Lifecycle status change: com.codex.cardisconnecttracker.MainActivity@cdfd965 in: DESTROYED
04-15 02:09:12.034 25077 25077 V ActivityScenario: Update currentActivityStage to DESTROYED, currentActivity=null
04-15 02:09:12.034 25077 25077 D WindowOnBackDispatcher: setTopOnBackInvokedCallback (unwrapped): null
04-15 02:09:12.038 25077 25099 D IdlingRegistry: Unregistering idling resources: [androidx.compose.ui.test.junit4.EspressoLink@130e883]
04-15 02:09:12.040  1291  2034 I sensor-suez: Vendor atom [id = 100245] reported.
04-15 02:09:12.040 13975 13975 D LauncherStateManager: StateManager.cancelAnimation: animation ongoing: false, partial trace:
04-15 02:09:12.040 13975 13975 D LauncherStateManager: 	at com.android.launcher3.statemanager.StateManager.setCurrentAnimation(go/retraceme 144566bd9520bc83e5304c26b07b13110d583e327fe0d444e5839d5db5f7f1ec:60)
04-15 02:09:12.040 13975 13975 D LauncherStateManager: 	at com.android.launcher3.QuickstepTransitionManager.createWallpaperOpenAnimations(go/retraceme 144566bd9520bc83e5304c26b07b13110d583e327fe0d444e5839d5db5f7f1ec:667)
04-15 02:09:12.040 13975 13975 D LauncherStateManager: 	at com.android.launcher3.QuickstepTransitionManager$WallpaperOpenLauncherAnimationRunner.onAnimationStart(go/retraceme 144566bd9520bc83e5304c26b07b13110d583e327fe0d444e5839d5db5f7f1ec:95)
04-15 02:09:12.040 13975 13975 D LauncherStateManager: StateManager.createAtomicAnimation: fromState: Normal, toState: Normal, partial trace:
04-15 02:09:12.040 13975 13975 D LauncherStateManager: 	at com.android.quickstep.util.WorkspaceRevealAnim.prepareToAnimate(go/retraceme 144566bd9520bc83e5304c26b07b13110d583e327fe0d444e5839d5db5f7f1ec:20)
04-15 02:09:12.040 13975 13975 D LauncherStateManager: 	at com.android.quickstep.util.WorkspaceRevealAnim.<init>(go/retraceme 144566bd9520bc83e5304c26b07b13110d583e327fe0d444e5839d5db5f7f1ec:11)
04-15 02:09:12.040 13975 13975 D LauncherStateManager: 	at com.android.launcher3.QuickstepTransitionManager.createWallpaperOpenAnimations(go/retraceme 144566bd9520bc83e5304c26b07b13110d583e327fe0d444e5839d5db5f7f1ec:704)
04-15 02:09:12.040 13975 13975 D AllAppsTransitionController: shouldProtectHeader: false skipScrim: true state: Normal stateManager.getState(): Normal
04-15 02:09:12.040 13975 13975 D KeyboardInsetsHandler: removePendingImeController: pendingImeController=null
04-15 02:09:12.040 13975 13975 D b/311077782: LauncherAnimationRunner.setAnimation
04-15 02:09:12.040 13975 13975 D WorkspaceRevealAnim: onAnimationEnd: workspace alpha = 1.0
04-15 02:09:12.041  1291  1291 D usf_sensor_hal: magnetometer: Enter Batch. Period = 200000000, latency = 0.
04-15 02:09:12.041  1291  2034 I sensor-suez: Vendor atom [id = 100243] reported.
04-15 02:09:12.041 13975 13998 D QuickstepModelDelegate: notifyAppTargetEvent action=1 launchLocation=workspace/0/[-1,-1]/[1,1]
04-15 02:09:12.041  1291  1291 D usf_sensor_hal: magnetometer: Enter Activate. Enable = 1.
04-15 02:09:12.043  1534  1534 D AOC     : A3:MSG: usf_sensor.cc, 1866: USF: Received start sampling request for MMC5616 Magnetometer (active:3).
04-15 02:09:12.043  1782  3226 D AGnssRilCbJni: requestSetIdCb. setIdflag: 1,
04-15 02:09:12.043  3274 32338 D IwlanEventListener: Cellinfo changed
04-15 02:09:12.043  3274 32338 D IwlanEventListener[0]: Updating handlers for the event: 11
04-15 02:09:12.044  3274 32338 D IwlanEventListener[1]: Updating handlers for the event: 11
04-15 02:09:12.044  3274  3306 D IwlanDataService$IwlanDataServiceHandler: msg.what = CELLINFO_CHANGED_EVENT
04-15 02:09:12.044  3274  3306 D IwlanDataService:  Update cached cellinfo
04-15 02:09:12.044  1499  1519 I AIDL    : GNSSAGnssRilSetSetId: Exit
04-15 02:09:12.045  1291  1291 W usf_sensor_hal: Registry node "/dev/magcc/0" not found.
04-15 02:09:12.045  1291  2034 I sensor-suez: Vendor atom [id = 100242] reported.
04-15 02:09:12.045  1291  2034 I sensor-suez: Vendor atom [id = 100243] reported.
04-15 02:09:12.046  1291  1291 D usf_sensor_hal: magnetometer: Enter Batch. Period = 20000000, latency = 0.
04-15 02:09:12.047  1534  1534 D AOC     : A3:MSG: usf_sensor.cc, 2512: USF: Received reconfig sampling request for MMC5616 Magnetometer.
04-15 02:09:12.047  3274  3306 D IwlanDataService$IwlanDataServiceHandler: msg.what = CELLINFO_CHANGED_EVENT
04-15 02:09:12.047  3274  3306 D IwlanDataService:  Update cached cellinfo
04-15 02:09:12.048  1291  2034 I sensor-suez: Vendor atom [id = 100243] reported.
04-15 02:09:12.049 25077 25077 D ViewRootImpl: Skipping stats log for color mode
04-15 02:09:12.051  1782  5600 I ImeTracker: system_server:ec3775e9: onRequestHide at ORIGIN_SERVER reason IME_REQUESTED_CHANGED_LISTENER fromUser false displayId 0
04-15 02:09:12.052  1534  1534 D AOC     : CHRE: DRAM vote count begins
04-15 02:09:12.053 25077 25099 I TestRunner: finished: selectingDevicePersistsState(com.codex.cardisconnecttracker.MainActivityTest)
