04-15 02:09:12.054 25077 25099 I TestRunner: started: debugDisconnectBroadcastUpdatesUi(com.codex.cardisconnecttracker.MainActivityTest)
04-15 02:09:12.054  1534  1534 D AOC     : CHRE: DRAM vote count begins
04-15 02:09:12.056 13975 13975 D BaseActivity: Launcher flags updated: [state_started|state_resumed|state_deferred_resumed|state_window_focused|state_user_active] +[state_window_focused]
04-15 02:09:12.057  1534  1534 D AOC     : CHRE: DRAM vote count ends: 0 ms
04-15 02:09:12.057  1534  1534 D AOC     : CHRE: DRAM vote count begins
04-15 02:09:12.057  1534  1534 D AOC     : CHRE: DRAM vote count ends: 0 ms
04-15 02:09:12.057 25077 25099 D IdlingRegistry: Registering idling resources: [androidx.compose.ui.test.junit4.EspressoLink@42996a2]
04-15 02:09:12.058  1272  1312 D CHRE.HAL: Received a nanoapp message from 0x476f6f676c001013 endpoint 0x3c: Type 0x401 size 17
04-15 02:09:12.059  1272  1312 I CHRE    : @ 625048.652: [NanoMinion] sent MSG Type 0x2, Version 0, 9 bytes, MessageId 229
04-15 02:09:12.060  1291  2034 I sensor-suez: Vendor atom [id = 100245] reported.
04-15 02:09:12.060  1534  1534 D AOC     : CHRE: DRAM vote count begins
04-15 02:09:12.060  1534  1534 D AOC     : CHRE: DRAM vote count ends: 0 ms
04-15 02:09:12.061  2673  2751 D WindowOnBackDispatcher: setTopOnBackInvokedCallback (unwrapped): null
04-15 02:09:12.063 25077 25099 W Settings: Setting always_finish_activities has moved from android.provider.Settings.System to android.provider.Settings.Global, returning read-only value.
04-15 02:09:12.064 13975 13975 D b/417220811: invalidateLoadedTasks - previous requestLoadId: -1
04-15 02:09:12.066  1272  1312 D CHRE.HAL: Received a nanoapp message from 0x476f6f676c001044 endpoint 0x80c1: Type 0x6 size 9
04-15 02:09:12.066  1272  1312 D CHRE    : @ 625048.657: [TimeSync] ProcessPpsPulse: fiq counter 15361193890316
04-15 02:09:12.067  1782  2306 I ImeTracker: com.google.android.apps.nexuslauncher:12c7c8c1: onRequestHide at ORIGIN_SERVER reason HIDE_UNSPECIFIED_WINDOW fromUser false userId 0 displayId 0
04-15 02:09:12.067 13975 13975 I ImeTracker: com.google.android.apps.nexuslauncher:12c7c8c1: onCancelled at PHASE_CLIENT_ALREADY_HIDDEN
04-15 02:09:12.068  1782  3226 V GrammaticalInflectionUtils: AttributionSource: android.content.AttributionSource@9bc23750 does not have READ_SYSTEM_GRAMMATICAL_GENDER permission.
04-15 02:09:12.074 13975 13983 W System  : A resource failed to call release.
04-15 02:09:12.074 13975 13983 W System  : A resource failed to call release.
04-15 02:09:12.074 13975 13983 W System  : A resource failed to call release.
04-15 02:09:12.074   611   745 I libbinder.BpBinder: onLastStrongRef automatically unlinking death recipients for binder (0xb400006e5befe9c0) with descriptor: '(not cached)'
04-15 02:09:12.075 13975 13975 D BaseActivity: Launcher flags updated: [state_started|state_resumed|state_deferred_resumed|state_window_focused|state_user_active] -[]
04-15 02:09:12.075  2673  2711 W DisplayDisconnectTransitionHandler: No disconnect change found in the transition, not handling request.
04-15 02:09:12.077 13975 13983 W System  : A resource failed to call release.
04-15 02:09:12.077 13975 13983 W System  : A resource failed to call release.
04-15 02:09:12.077 13975 13983 W System  : A resource failed to call release.
04-15 02:09:12.077 13975 13983 W System  : A resource failed to call release.
04-15 02:09:12.077 13975 13983 W System  : A resource failed to call release.
04-15 02:09:12.077 13975 13983 W System  : A resource failed to call release.
04-15 02:09:12.077 13975 13983 W System  : A resource failed to call release.
04-15 02:09:12.077 13975 13983 W System  : A resource failed to call release.
04-15 02:09:12.077 13975 13983 W System  : A resource failed to call release.
04-15 02:09:12.078  4203  4203 I GoogleInputMethodService: GoogleInputMethodService.onFinishInput():2159
04-15 02:09:12.079 13975 13975 D BaseActivity: Launcher flags updated: [state_started|state_resumed|state_deferred_resumed|state_window_focused] -[state_user_active]
04-15 02:09:12.079  1782  1857 I ImeTracker: system_server:ec3775e9: onCancelled at PHASE_SERVER_SHOULD_HIDE
04-15 02:09:12.079  4203  4203 I Module  : DeviceLockedStatusModuleProvider$Module.updateDeviceLockedStatus():103 repeatCheckTimes = 0, locked = false
04-15 02:09:12.079 13975 13975 D BaseActivity: Launcher flags updated: [state_started|state_window_focused] -[state_resumed|state_deferred_resumed]
04-15 02:09:12.079 13975 13975 W SplitSelectStateCtor: Missing session instanceIds
04-15 02:09:12.079 13975 13975 D StatsLog: LAUNCHER_SPLIT_SELECTION_EXIT_INTERRUPTED
04-15 02:09:12.079  4203  4203 I GoogleInputMethodService: GoogleInputMethodService.onStartInput():1434 onStartInput(EditorInfo{EditorInfo{packageName=com.google.android.apps.nexuslauncher, inputType=0, inputTypeString=NULL, enableLearning=false, autoCorrection=false, autoComplete=false, imeOptions=0, privateImeOptions=null, actionName=UNSPECIFIED, actionLabel=null, initialSelStart=-1, initialSelEnd=-1, initialCapsMode=0, label=null, fieldId=0, fieldName=null, extras=null, hintText=null, hintLocales=[]}}, false)
04-15 02:09:12.079  4203  4203 I AndroidIME: LatinIMEBase.updateInputViewCoverNavigation():312 Update input view padding, isNavbarOverInputWindow=true, bottom inset=138
04-15 02:09:12.079  4203  4203 I Module  : DeviceLockedStatusModuleProvider$Module.updateDeviceLockedStatus():103 repeatCheckTimes = 1, locked = false
04-15 02:09:12.083  1782  3060 I ImeTracker: system_server:2c1a3402: onRequestHide at ORIGIN_SERVER reason IME_REQUESTED_CHANGED_LISTENER fromUser false displayId 0
04-15 02:09:12.085 16287 16308 I AiAiEcho: (REDACTED) Predicting[%d]: %s
04-15 02:09:12.086 16287 16308 I AiAiEcho: (REDACTED) EchoTargets: %s
04-15 02:09:12.086 16287 16308 I AiAiEcho: Filtered by AiAi flag check: %s
04-15 02:09:12.086 16287 16308 I AiAiEcho: (REDACTED) #weatherSubItemsTwiddler: Weather removes SubtitleSupplementalItem in surface: %s
04-15 02:09:12.086 16287 16308 I AiAiEcho: #remoteViewsTwiddler: feature disabled.
04-15 02:09:12.087 25077 25077 D LifecycleMonitor: Lifecycle status change: com.codex.cardisconnecttracker.MainActivity@426f9c6 in: PRE_ON_CREATE
04-15 02:09:12.087 25077 25077 V ActivityScenario: Activity lifecycle changed event received but ignored because the reported transition was not ON_CREATE while the last known transition was PRE_ON_CREATE
04-15 02:09:12.087  2673  2751 D WindowOnBackDispatcher: setTopOnBackInvokedCallback (unwrapped): android.view.ViewRootImpl$$ExternalSyntheticLambda25@c25a316
04-15 02:09:12.087 13975 13975 D RecentsView: onTaskRemoved: 3078, not handling task stack changes
04-15 02:09:12.087 13975 13975 D RecentsView: onTaskRemoved: 3078, not handling task stack changes
04-15 02:09:12.087 25077 25077 I StorageUtils: /data/user/0/com.codex.cardisconnecttracker/files/osmdroid is writable
04-15 02:09:12.090 13975 13975 D RecentsView: onTaskDisplayChanged: 3080, new displayId = 0
04-15 02:09:12.090 25077 25077 D LifecycleMonitor: Lifecycle status change: com.codex.cardisconnecttracker.MainActivity@426f9c6 in: CREATED
04-15 02:09:12.091 25077 25077 V ActivityScenario: Update currentActivityStage to CREATED, currentActivity=com.codex.cardisconnecttracker.MainActivity@426f9c6
04-15 02:09:12.091 25077 25077 D LifecycleMonitor: Lifecycle status change: com.codex.cardisconnecttracker.MainActivity@426f9c6 in: STARTED
04-15 02:09:12.091 25077 25077 V ActivityScenario: Update currentActivityStage to STARTED, currentActivity=com.codex.cardisconnecttracker.MainActivity@426f9c6
04-15 02:09:12.091 25077 25077 I ContentCaptureHelper: Setting logging level to OFF
04-15 02:09:12.091 25123 25123 D WindowOnBackDispatcher: setTopOnBackInvokedCallback (unwrapped): null
04-15 02:09:12.092 13975 13975 D b/417220811: invalidateLoadedTasks - previous requestLoadId: -1
04-15 02:09:12.093 16287 16308 I AiAiEcho: (REDACTED) #postPredictionTargets: Sending updates to UISurface %s with targets# %s (types=[%s])
04-15 02:09:12.094 13975 13975 D b/417220811: invalidateLoadedTasks - previous requestLoadId: -1
04-15 02:09:12.096 25077 25077 D LifecycleMonitor: Lifecycle status change: com.codex.cardisconnecttracker.MainActivity@426f9c6 in: RESUMED
04-15 02:09:12.096 25077 25077 V ActivityScenario: Update currentActivityStage to RESUMED, currentActivity=com.codex.cardisconnecttracker.MainActivity@426f9c6
04-15 02:09:12.098 13975 13975 D SsBaseTemplateCard: Passed-in item info is null
04-15 02:09:12.098 25123 25123 D ViewRootImpl: Skipping stats log for color mode
04-15 02:09:12.098 13975 13975 I SsBaseTemplateCard: setFormattedContentDescription: text=13°C, iconDescription=Clear night, contentDescription=Clear night 13°C
04-15 02:09:12.098 13975 13975 D SsBaseTemplateCard: Passed-in item info is null
04-15 02:09:12.098 13975 13975 D SsBaseTemplateCard: Passed-in item info is null
04-15 02:09:12.098 13975 13975 I SsBaseTemplateCard: Secondary card pane is null
04-15 02:09:12.099  1782  1857 I ImeTracker: system_server:2c1a3402: onCancelled at PHASE_SERVER_SHOULD_HIDE
04-15 02:09:12.103 13975 13975 D b/417220811: invalidateLoadedTasks - previous requestLoadId: -1
04-15 02:09:12.104  1499  1518 I GNSS_MEMS: TGT_MEMS TargetMemsStart: mems_started0 diff:60000
04-15 02:09:12.104  1499  1518 I GNSS_MEMS: TGT_MEMS SCSCMemsProvisioning: ASP=15000 MSP=15000 GSP=15000 PSP=15000 OSP=15000 SSP=1000000
04-15 02:09:12.104  1499  1518 I GNSS_MEMS: TGT_MEMS GNSSSensorWDStartRequest
04-15 02:09:12.104  1499  1518 W libbinder.Binder: Binder 0xb40000762a1930a8 destroyed after setMinSchedulerPolicy before being parceled.
04-15 02:09:12.104  1499  1518 W libbinder.Binder: Binder 0xb40000762a1930a8 destroyed after setMinSchedulerPolicy before being parceled.
04-15 02:09:12.104 13975 13975 D RecentsView: onTaskRemoved: 3079, not handling task stack changes
04-15 02:09:12.104 13975 13975 D RecentsView: onTaskRemoved: 3079, not handling task stack changes
04-15 02:09:12.106 13975 13975 D BaseActivity: Launcher flags updated: [state_started] -[state_window_focused]
04-15 02:09:12.106  2673  3224 D WallpaperService: onVisibilityChanged(false): com.android.systemui.wallpapers.ImageWallpaper$CanvasEngine@e34f479
04-15 02:09:12.108  1291  1291 D usf_sensor_hal: accelerometer: Enter Batch. Period = 15000000, latency = 0.
04-15 02:09:12.108  1291  1291 D usf_sensor_hal: IMU temperature: Enter Batch. Period = 533334000, latency = 0.
04-15 02:09:12.108  1291  1291 D usf_sensor_hal: accelerometer: Enter Activate. Enable = 1.
04-15 02:09:12.109  1291  2034 I sensor-suez: Vendor atom [id = 100243] reported.
04-15 02:09:12.109  1534  1534 D AOC     : A3:MSG: usf_sensor.cc, 1866: USF: Received start sampling request for LSM6DSV Accelerometer (active:4).
04-15 02:09:12.110  1291  2034 I sensor-suez: Vendor atom [id = 100242] reported.
04-15 02:09:12.110  1291  2034 I sensor-suez: Vendor atom [id = 100243] reported.
04-15 02:09:12.110  1291  1291 D usf_sensor_hal: gyroscope: Enter Flush
04-15 02:09:12.111  1291  2034 I sensor-suez: Vendor atom [id = 100243] reported.
04-15 02:09:12.111  1499  1518 I GNSS_MEMS: TGT_MEMS GNSSSensorWDStopRequest
04-15 02:09:12.111  1499  1518 I GNSS_MEMS: TGT_MEMS TargetMemsStart: Exit. mems_started:1
04-15 02:09:12.111  1499  2731 I GNSS_MEMS: TGT_MEMS GNSSSensorWDThread: ret=0
04-15 02:09:12.114 13975 13975 D VRI[NexusLauncherActivity]: visibilityChanged oldVisibility=true newVisibility=false
04-15 02:09:12.114 13975 13975 D b/417220811: invalidateLoadedTasks - previous requestLoadId: -1
04-15 02:09:12.114  1291  2034 I sensor-suez: Vendor atom [id = 100245] reported.
04-15 02:09:12.120 25077 25077 D VRI[MainActivity]: WindowInsets changed: 1080x2424 statusBars:[0,152,0,0] navigationBars:[0,0,0,69] mandatorySystemGestures:[0,187,0,92]
04-15 02:09:12.121 25077 25077 D WindowOnBackDispatcher: setTopOnBackInvokedCallback (unwrapped): android.view.ViewRootImpl$$ExternalSyntheticLambda25@1d98b7d
04-15 02:09:12.121 13975 13975 D NexusLauncherModelDelegate: notifySmartspaceEvent: SmartspaceTargetEvent{mSmartspaceTarget=null, mSmartspaceActionId='null', mEventType=7}
04-15 02:09:12.122 16287 16308 I AiAiEcho: (REDACTED) %s No tracked ambient data found for ID: %s; for event type: %d, skipping event processing.
04-15 02:09:12.135  1782  1853 I ActivityTaskManager: Displayed com.codex.cardisconnecttracker/.MainActivity for user 0: +68ms
04-15 02:09:12.141  2673  2751 D WindowOnBackDispatcher: setTopOnBackInvokedCallback (unwrapped): null
04-15 02:09:12.141  1534  1534 D AOC     : A3:MSG: tmd3733_device.cc, 4363: USF: TMD3733: R/C:0.35 2D->1CD d_lux:12.2 c_lux:9.1/-1.0 c_coeff:0.50/-1.00
04-15 02:09:12.141  1534  1534 D AOC     : A3:MSG: tmd3733_device.cc, 4366: USF: TMD3733:  w:0.72 C:5.50 d_leak:0.3 c_leak:0.2 lux:10.0 leak:0.2
04-15 02:09:12.145 13975 13975 D BaseActivity: Launcher flags updated: [] -[state_started]
04-15 02:09:12.145 13975 13975 D BaseDepthController: setSurface:
04-15 02:09:12.145 13975 13975 D BaseDepthController: 	mWaitingOnSurfaceValidity: false
04-15 02:09:12.145 13975 13975 D BaseDepthController: 	mBaseSurface: null
04-15 02:09:12.145 13975 13975 D BaseDepthController: mSurface is null and mCurrentBlur is: 0
04-15 02:09:12.145 13975 13975 D LauncherStateManager: StateManager.goToState: fromState: Normal, toState: Normal, partial trace:
04-15 02:09:12.145 13975 13975 D LauncherStateManager: 	at com.android.launcher3.statemanager.StateManager.moveToRestState(go/retraceme 144566bd9520bc83e5304c26b07b13110d583e327fe0d444e5839d5db5f7f1ec:27)
04-15 02:09:12.145 13975 13975 D LauncherStateManager: 	at com.android.launcher3.statemanager.StateManager.moveToRestState(go/retraceme 144566bd9520bc83e5304c26b07b13110d583e327fe0d444e5839d5db5f7f1ec:36)
04-15 02:09:12.145 13975 13975 D LauncherStateManager: 	at com.android.launcher3.statemanager.StatefulActivity.onStop(go/retraceme 144566bd9520bc83e5304c26b07b13110d583e327fe0d444e5839d5db5f7f1ec:32)
04-15 02:09:12.145 13975 13975 D LauncherStateManager: StateManager.onRepeatStateSetAborted: state: Normal
04-15 02:09:12.145 13975 13975 D KeyboardStateManager: hideKeyboard
04-15 02:09:12.145 13975 13975 D KeyboardStateManager: isImeShown: false
04-15 02:09:12.145 13975 13975 D StatsLog: LAUNCHER_ONSTOP
04-15 02:09:12.145 13975 13975 D StatsLog: LAUNCHER_GOOGLE_SEARCH_RESTORE_LIST_SIZE_AFTER_ACTIVITY_RESTART
04-15 02:09:12.145 13975 14049 D GmsPlayProvider: Shutdown the binder channel gracefully.
04-15 02:09:12.145 13975 14049 D GmsPlayProvider: Binder channel is terminated gracefully.
04-15 02:09:12.157  1782  2306 I ImeTracker: com.codex.cardisconnecttracker:3a924128: onRequestHide at ORIGIN_SERVER reason HIDE_UNSPECIFIED_WINDOW fromUser false userId 0 displayId 0
04-15 02:09:12.157 25077 25077 I ImeTracker: com.codex.cardisconnecttracker:3a924128: onCancelled at PHASE_CLIENT_ALREADY_HIDDEN
04-15 02:09:12.158  4203  4203 I GoogleInputMethodService: GoogleInputMethodService.onFinishInput():2159
04-15 02:09:12.158  4203  4203 I Module  : DeviceLockedStatusModuleProvider$Module.updateDeviceLockedStatus():103 repeatCheckTimes = 0, locked = false
04-15 02:09:12.158  4203  4203 I GoogleInputMethodService: GoogleInputMethodService.onStartInput():1434 onStartInput(EditorInfo{EditorInfo{packageName=com.codex.cardisconnecttracker, inputType=0, inputTypeString=NULL, enableLearning=false, autoCorrection=false, autoComplete=false, imeOptions=0, privateImeOptions=null, actionName=UNSPECIFIED, actionLabel=null, initialSelStart=-1, initialSelEnd=-1, initialCapsMode=0, label=null, fieldId=0, fieldName=null, extras=null, hintText=null, hintLocales=[]}}, false)
04-15 02:09:12.158  4203  4203 I AndroidIME: LatinIMEBase.updateInputViewCoverNavigation():312 Update input view padding, isNavbarOverInputWindow=true, bottom inset=138
04-15 02:09:12.158  1782  3908 I ImeTracker: system_server:61947400: onRequestHide at ORIGIN_SERVER reason IME_REQUESTED_CHANGED_LISTENER fromUser false displayId 0
04-15 02:09:12.158  1782  1857 I ImeTracker: system_server:61947400: onCancelled at PHASE_SERVER_SHOULD_HIDE
04-15 02:09:12.159  4203  4203 I Module  : DeviceLockedStatusModuleProvider$Module.updateDeviceLockedStatus():103 repeatCheckTimes = 1, locked = false
04-15 02:09:12.182 13975 13975 D b/417220811: invalidateLoadedTasks - previous requestLoadId: -1
04-15 02:09:12.240 25077 25077 D CarFound: Handling disconnect for: AA:BB:CC:DD
04-15 02:09:12.241 25077 25077 D CarFound: Looking up location...
04-15 02:09:12.241 25077 25077 D CarFound: Location found! Saving...
04-15 02:09:12.255 25077 25077 I OsmDroid: Using tile source: Mapnik
04-15 02:09:12.255 25077 25077 I OsmDroid: Tile cache increased from 0 to 9
04-15 02:09:12.286 25077 25077 I OsmDroid: Tile cache increased from 9 to 16
04-15 02:09:12.397  1782  3908 V GrammaticalInflectionUtils: AttributionSource: android.content.AttributionSource@9d770fef does not have READ_SYSTEM_GRAMMATICAL_GENDER permission.
04-15 02:09:12.399 13975 13975 D RecentsView: onTaskDisplayChanged: 3081, new displayId = 0
04-15 02:09:12.400   611  3188 I libbinder.BpBinder: onLastStrongRef automatically unlinking death recipients for binder (0xb400006e5beaafe0) with descriptor: '(not cached)'
04-15 02:09:12.404  2673  2711 W DisplayDisconnectTransitionHandler: No disconnect change found in the transition, not handling request.
04-15 02:09:12.405 13975 13975 D b/417220811: invalidateLoadedTasks - previous requestLoadId: -1
04-15 02:09:12.405 25077 25077 D LifecycleMonitor: Lifecycle status change: com.codex.cardisconnecttracker.MainActivity@426f9c6 in: PAUSED
04-15 02:09:12.405 13975 13975 D b/417220811: invalidateLoadedTasks - previous requestLoadId: -1
04-15 02:09:12.405 25077 25077 V ActivityScenario: Update currentActivityStage to PAUSED, currentActivity=com.codex.cardisconnecttracker.MainActivity@426f9c6
04-15 02:09:12.408  2673  2751 D WindowOnBackDispatcher: setTopOnBackInvokedCallback (unwrapped): android.view.ViewRootImpl$$ExternalSyntheticLambda25@bac1f5a
04-15 02:09:12.409   766   766 W powerhal-libperfmgr: Sess(15075), cannot resume, already active
04-15 02:09:12.409   766   766 W powerhal-libperfmgr: Sess(15083), cannot resume, already active
04-15 02:09:12.409   766   766 W powerhal-libperfmgr: Sess(15087), cannot resume, already active
04-15 02:09:12.409   766   766 W powerhal-libperfmgr: Sess(15079), cannot resume, already active
04-15 02:09:12.427 25077 25077 D VRI[MainActivity]: visibilityChanged oldVisibility=true newVisibility=false
04-15 02:09:12.429 13975 13975 D b/417220811: invalidateLoadedTasks - previous requestLoadId: -1
04-15 02:09:12.431 25123 25123 D VRI[InstrumentationActivityInvoker$EmptyActivity]: WindowInsets changed: 1080x2424 statusBars:[0,152,0,0] navigationBars:[0,0,0,69] mandatorySystemGestures:[0,187,0,92]
04-15 02:09:12.431 25123 25123 D WindowOnBackDispatcher: setTopOnBackInvokedCallback (unwrapped): android.view.ViewRootImpl$$ExternalSyntheticLambda25@8a753e4
04-15 02:09:12.440  1782  1853 I ActivityTaskManager: Displayed com.codex.cardisconnecttracker.test/androidx.test.core.app.InstrumentationActivityInvoker$EmptyActivity for user 0: +42ms
04-15 02:09:12.440  2673  2711 W DisplayDisconnectTransitionHandler: No disconnect change found in the transition, not handling request.
04-15 02:09:12.441   611   674 I libbinder.BpBinder: onLastStrongRef automatically unlinking death recipients for binder (0xb400006e5bedaf20) with descriptor: '(not cached)'
04-15 02:09:12.444 13975 13975 D ViewRootImpl: Skipping stats log for color mode
04-15 02:09:12.444 13975 13975 D BaseActivity: Launcher flags updated: [state_started] +[state_started]
04-15 02:09:12.444 13975 13975 D BaseActivity: Launcher flags updated: [state_started|state_resumed|state_user_active] +[state_resumed|state_user_active]
04-15 02:09:12.444 13975 13975 D BaseActivity: Launcher flags updated: [state_started|state_resumed|state_user_active] +[]
04-15 02:09:12.444 13975 13975 D BaseActivity: Launcher flags updated: [state_started|state_resumed|state_deferred_resumed|state_user_active] +[state_deferred_resumed]
04-15 02:09:12.444 13975 13975 D StatsLog: LAUNCHER_ONRESUME
04-15 02:09:12.445 13975 13998 D QuickstepModelDelegate: notifyAppTargetEvent action=1 launchLocation=workspace/0/[-1,-1]/[1,1]
04-15 02:09:12.447 13975 13975 D NexusLauncherModelDelegate: notifySmartspaceEvent: SmartspaceTargetEvent{mSmartspaceTarget=null, mSmartspaceActionId='null', mEventType=6}
04-15 02:09:12.451  2673  2751 D WindowOnBackDispatcher: setTopOnBackInvokedCallback (unwrapped): null
04-15 02:09:12.452 13975 13975 D BaseDepthController: setSurface:
04-15 02:09:12.452 13975 13975 D BaseDepthController: 	mWaitingOnSurfaceValidity: false
04-15 02:09:12.452 13975 13975 D BaseDepthController: 	mBaseSurface: Surface(name=com.google.android.apps.nexuslauncher/com.google.android.apps.nexuslauncher.NexusLauncherActivity#80825)/@0xba6ca9
04-15 02:09:12.452 13975 13975 V BaseDepthController: Applying blur: 0 to Surface(name=com.google.android.apps.nexuslauncher/com.google.android.apps.nexuslauncher.NexusLauncherActivity#80825)/@0xba6ca9 applyImmediately: false
04-15 02:09:12.452 13975 13975 D BaseDepthController: shouldBlurWorkspace: false targetState: Normal currentStableState: Normal mCurrentBlur: 0 mLauncher.getDepthBlurTargets(): [com.android.launcher3.Workspace{5958714 V.ED..... .......D 0,0-1080,2424 #7f0a04ae app:id/workspace}, com.android.launcher3.Hotseat{fdecb17 V.ED..... .......D 0,1906-1080,2424 #7f0a01f6 app:id/hotseat}]
04-15 02:09:12.453  2673  3224 D WallpaperService: onVisibilityChanged(true): com.android.systemui.wallpapers.ImageWallpaper$CanvasEngine@e34f479
04-15 02:09:12.456 13975 13975 D b/417220811: invalidateLoadedTasks - previous requestLoadId: -1
04-15 02:09:12.463 13975 13975 D LauncherStateManager: StateManager.cancelAnimation: animation ongoing: false, partial trace:
04-15 02:09:12.463 13975 13975 D LauncherStateManager: 	at com.android.launcher3.statemanager.StateManager.setCurrentAnimation(go/retraceme 144566bd9520bc83e5304c26b07b13110d583e327fe0d444e5839d5db5f7f1ec:60)
04-15 02:09:12.463 13975 13975 D LauncherStateManager: 	at com.android.launcher3.QuickstepTransitionManager.createWallpaperOpenAnimations(go/retraceme 144566bd9520bc83e5304c26b07b13110d583e327fe0d444e5839d5db5f7f1ec:667)
04-15 02:09:12.463 13975 13975 D LauncherStateManager: 	at com.android.launcher3.QuickstepTransitionManager$WallpaperOpenLauncherAnimationRunner.onAnimationStart(go/retraceme 144566bd9520bc83e5304c26b07b13110d583e327fe0d444e5839d5db5f7f1ec:95)
04-15 02:09:12.463 13975 13975 D LauncherStateManager: StateManager.createAtomicAnimation: fromState: Normal, toState: Normal, partial trace:
04-15 02:09:12.463 13975 13975 D LauncherStateManager: 	at com.android.quickstep.util.WorkspaceRevealAnim.prepareToAnimate(go/retraceme 144566bd9520bc83e5304c26b07b13110d583e327fe0d444e5839d5db5f7f1ec:20)
04-15 02:09:12.463 13975 13975 D LauncherStateManager: 	at com.android.quickstep.util.WorkspaceRevealAnim.<init>(go/retraceme 144566bd9520bc83e5304c26b07b13110d583e327fe0d444e5839d5db5f7f1ec:11)
04-15 02:09:12.463 13975 13975 D LauncherStateManager: 	at com.android.launcher3.QuickstepTransitionManager.createWallpaperOpenAnimations(go/retraceme 144566bd9520bc83e5304c26b07b13110d583e327fe0d444e5839d5db5f7f1ec:704)
04-15 02:09:12.463 13975 13975 D AllAppsTransitionController: shouldProtectHeader: false skipScrim: true state: Normal stateManager.getState(): Normal
04-15 02:09:12.463 13975 13975 D KeyboardInsetsHandler: removePendingImeController: pendingImeController=null
04-15 02:09:12.463 13975 13975 D b/311077782: LauncherAnimationRunner.setAnimation
04-15 02:09:12.463 13975 13975 D WorkspaceRevealAnim: onAnimationEnd: workspace alpha = 1.0
04-15 02:09:12.470  1782  2306 I ImeTracker: com.codex.cardisconnecttracker.test:acc340d1: onRequestHide at ORIGIN_SERVER reason HIDE_UNSPECIFIED_WINDOW fromUser false userId 0 displayId 0
04-15 02:09:12.471 25123 25123 I ImeTracker: com.codex.cardisconnecttracker.test:acc340d1: onFailed at PHASE_CLIENT_HANDLE_SET_IME_VISIBILITY
04-15 02:09:12.475 25077 25077 D LifecycleMonitor: Lifecycle status change: com.codex.cardisconnecttracker.MainActivity@426f9c6 in: STOPPED
04-15 02:09:12.475 25077 25077 V ActivityScenario: Update currentActivityStage to STOPPED, currentActivity=com.codex.cardisconnecttracker.MainActivity@426f9c6
04-15 02:09:12.476 25123 25123 D VRI[InstrumentationActivityInvoker$EmptyActivity]: visibilityChanged oldVisibility=true newVisibility=false
04-15 02:09:12.476  1490  2200 E gnssd   : Critical Error: SllSupl20NwkDataHandler: curLen=1378 newLen=1378
04-15 02:09:12.476  1490  2200 E gnssd   : Critical Error: SllSupl20NwkDataHandler: curLen=2756 newLen=1378
04-15 02:09:12.476  1490  2200 E gnssd   : Critical Error: SllSupl20NwkDataHandler: curLen=4134 newLen=1378
04-15 02:09:12.477  1490  2200 E gnssd   : Critical Error: SllSupl20NwkDataHandler: curLen=5512 newLen=650
04-15 02:09:12.478  4203  4203 I GoogleInputMethodService: GoogleInputMethodService.onFinishInput():2159
04-15 02:09:12.478  4203  4203 I Module  : DeviceLockedStatusModuleProvider$Module.updateDeviceLockedStatus():103 repeatCheckTimes = 0, locked = false
04-15 02:09:12.478  4203  4203 I GoogleInputMethodService: GoogleInputMethodService.onStartInput():1434 onStartInput(EditorInfo{EditorInfo{packageName=com.codex.cardisconnecttracker.test, inputType=0, inputTypeString=NULL, enableLearning=false, autoCorrection=false, autoComplete=false, imeOptions=0, privateImeOptions=null, actionName=UNSPECIFIED, actionLabel=null, initialSelStart=-1, initialSelEnd=-1, initialCapsMode=0, label=null, fieldId=0, fieldName=null, extras=null, hintText=null, hintLocales=[]}}, false)
04-15 02:09:12.478  4203  4203 I AndroidIME: LatinIMEBase.updateInputViewCoverNavigation():312 Update input view padding, isNavbarOverInputWindow=true, bottom inset=138
04-15 02:09:12.478 16287 16308 I AiAiEcho: (REDACTED) Predicting[%d]: %s
04-15 02:09:12.478  1782  5169 I ImeTracker: system_server:648bfaf4: onRequestHide at ORIGIN_SERVER reason IME_REQUESTED_CHANGED_LISTENER fromUser false displayId 0
04-15 02:09:12.480 16287 16308 I AiAiEcho: (REDACTED) EchoTargets: %s
04-15 02:09:12.480 16287 16308 I AiAiEcho: Filtered by AiAi flag check: %s
04-15 02:09:12.480  1782  1857 I ImeTracker: system_server:648bfaf4: onCancelled at PHASE_SERVER_SHOULD_HIDE
04-15 02:09:12.480 16287 16308 I AiAiEcho: (REDACTED) #weatherSubItemsTwiddler: Weather removes SubtitleSupplementalItem in surface: %s
04-15 02:09:12.480 16287 16308 I AiAiEcho: #remoteViewsTwiddler: feature disabled.
04-15 02:09:12.481  4203  4203 I Module  : DeviceLockedStatusModuleProvider$Module.updateDeviceLockedStatus():103 repeatCheckTimes = 1, locked = false
04-15 02:09:12.483 13975 13975 D BaseActivity: Launcher flags updated: [state_started|state_resumed|state_deferred_resumed|state_window_focused|state_user_active] +[state_window_focused]
04-15 02:09:12.483 16287 16308 I AiAiEcho: (REDACTED) %s No tracked ambient data found for ID: %s; for event type: %d, skipping event processing.
04-15 02:09:12.485  1782  2306 I ImeTracker: com.google.android.apps.nexuslauncher:120727d9: onRequestHide at ORIGIN_SERVER reason HIDE_UNSPECIFIED_WINDOW fromUser false userId 0 displayId 0
04-15 02:09:12.485 13975 13975 I ImeTracker: com.google.android.apps.nexuslauncher:120727d9: onCancelled at PHASE_CLIENT_ALREADY_HIDDEN
04-15 02:09:12.486 16287 16308 I AiAiEcho: (REDACTED) #postPredictionTargets: Sending updates to UISurface %s with targets# %s (types=[%s])
04-15 02:09:12.487  4203  4203 I GoogleInputMethodService: GoogleInputMethodService.onFinishInput():2159
04-15 02:09:12.490  4203  4245 W DynamicLanguageSetterModule: DynamicLanguageSetterModule.getApplicationLocales():580 Failed to get the application locales
04-15 02:09:12.490  4203  4245 W DynamicLanguageSetterModule: java.lang.SecurityException: getApplicationLocales: Neither user 10199 nor current process has android.permission.READ_APP_SPECIFIC_LOCALES.
04-15 02:09:12.490  4203  4245 W DynamicLanguageSetterModule: 	at android.os.Parcel.createExceptionOrNull(Parcel.java:3370)
04-15 02:09:12.490  4203  4245 W DynamicLanguageSetterModule: 	at android.os.Parcel.createException(Parcel.java:3354)
04-15 02:09:12.490  4203  4245 W DynamicLanguageSetterModule: 	at android.os.Parcel.readException(Parcel.java:3337)
04-15 02:09:12.490  4203  4245 W DynamicLanguageSetterModule: 	at android.os.Parcel.readException(Parcel.java:3279)
04-15 02:09:12.490  4203  4245 W DynamicLanguageSetterModule: 	at android.app.ILocaleManager$Stub$Proxy.getApplicationLocales(ILocaleManager.java:237)
04-15 02:09:12.490  4203  4245 W DynamicLanguageSetterModule: 	at android.app.LocaleManager.getApplicationLocales(LocaleManager.java:149)
04-15 02:09:12.490  4203  4245 W DynamicLanguageSetterModule: 	at a$$ExternalSyntheticApiModelOutline4.m(D8$$SyntheticClass:24)
04-15 02:09:12.490  4203  4245 W DynamicLanguageSetterModule: 	at mcg.c(PG:23)
04-15 02:09:12.490  4203  4245 W DynamicLanguageSetterModule: 	at mbx.call(PG:5)
04-15 02:09:12.490  4203  4245 W DynamicLanguageSetterModule: 	at uxt.a(PG:3)
04-15 02:09:12.490  4203  4245 W DynamicLanguageSetterModule: 	at uwx.run(PG:19)
04-15 02:09:12.490  4203  4245 W DynamicLanguageSetterModule: 	at uxu.run(PG:5)
04-15 02:09:12.490  4203  4245 W DynamicLanguageSetterModule: 	at java.util.concurrent.Executors$RunnableAdapter.call(Executors.java:520)
04-15 02:09:12.490  4203  4245 W DynamicLanguageSetterModule: 	at java.util.concurrent.FutureTask.run(FutureTask.java:317)
04-15 02:09:12.490  4203  4245 W DynamicLanguageSetterModule: 	at lqo.run(PG:8)
04-15 02:09:12.490  4203  4245 W DynamicLanguageSetterModule: 	at java.util.concurrent.ThreadPoolExecutor.runWorker(ThreadPoolExecutor.java:1154)
04-15 02:09:12.490  4203  4245 W DynamicLanguageSetterModule: 	at java.util.concurrent.ThreadPoolExecutor$Worker.run(ThreadPoolExecutor.java:652)
04-15 02:09:12.490  4203  4245 W DynamicLanguageSetterModule: 	at java.lang.Thread.run(Thread.java:1564)
04-15 02:09:12.490  4203  4245 W DynamicLanguageSetterModule: 	at lpy.run(PG:8)
04-15 02:09:12.490  4203  4203 I Module  : DeviceLockedStatusModuleProvider$Module.updateDeviceLockedStatus():103 repeatCheckTimes = 0, locked = false
04-15 02:09:12.491  4203  4203 I GoogleInputMethodService: GoogleInputMethodService.onStartInput():1434 onStartInput(EditorInfo{EditorInfo{packageName=com.google.android.apps.nexuslauncher, inputType=0, inputTypeString=NULL, enableLearning=false, autoCorrection=false, autoComplete=false, imeOptions=0, privateImeOptions=null, actionName=UNSPECIFIED, actionLabel=null, initialSelStart=-1, initialSelEnd=-1, initialCapsMode=0, label=null, fieldId=0, fieldName=null, extras=null, hintText=null, hintLocales=[]}}, false)
04-15 02:09:12.491  4203  4203 I AndroidIME: LatinIMEBase.updateInputViewCoverNavigation():312 Update input view padding, isNavbarOverInputWindow=true, bottom inset=138
04-15 02:09:12.491  4203  4203 I Module  : DeviceLockedStatusModuleProvider$Module.updateDeviceLockedStatus():103 repeatCheckTimes = 1, locked = false
04-15 02:09:12.492  1331  2660 I WifiHAL : Creating message to get link statistics; iface = 47
04-15 02:09:12.492 25077 25077 D LifecycleMonitor: Lifecycle status change: com.codex.cardisconnecttracker.MainActivity@426f9c6 in: DESTROYED
04-15 02:09:12.492 25077 25077 V ActivityScenario: Update currentActivityStage to DESTROYED, currentActivity=null
04-15 02:09:12.492 25077 25077 D WindowOnBackDispatcher: setTopOnBackInvokedCallback (unwrapped): null
04-15 02:09:12.493  1782  5169 I ImeTracker: system_server:ffe54808: onRequestHide at ORIGIN_SERVER reason IME_REQUESTED_CHANGED_LISTENER fromUser false displayId 0
04-15 02:09:12.493  1782  1857 I ImeTracker: system_server:ffe54808: onCancelled at PHASE_SERVER_SHOULD_HIDE
04-15 02:09:12.494 25077 25099 D IdlingRegistry: Unregistering idling resources: [androidx.compose.ui.test.junit4.EspressoLink@42996a2]
04-15 02:09:12.494 25077 25077 D ViewRootImpl: Skipping stats log for color mode
04-15 02:09:12.496 25077 25099 I TestRunner: finished: debugDisconnectBroadcastUpdatesUi(com.codex.cardisconnecttracker.MainActivityTest)
