04-15 02:09:10.547 25077 25099 I TestRunner: started: showsPermissionDialogWhenPermissionsMissing(com.codex.cardisconnecttracker.MainActivityTest)
04-15 02:09:10.571 25077 25099 E AndroidXTracer: enableTracing failed. You may need to upgrade your androidx.tracing:tracing version
04-15 02:09:10.571 25077 25099 E AndroidXTracer: java.lang.NoSuchMethodError: No static method forceEnableAppTracing()V in class Landroidx/tracing/Trace; or its super classes (declaration of 'androidx.tracing.Trace' appears in /data/app/~~J9GNOzI_8Nf-Vf9Y6KDXOg==/com.codex.cardisconnecttracker-440Wol98jJ-arB3jYnSJlQ==/base.apk!classes12.dex)
04-15 02:09:10.571 25077 25099 E AndroidXTracer: 	at androidx.test.platform.tracing.AndroidXTracer.enableTracing(AndroidXTracer.java:57)
04-15 02:09:10.571 25077 25099 E AndroidXTracer: 	at androidx.test.platform.tracing.Tracing.<init>(Tracing.java:53)
04-15 02:09:10.571 25077 25099 E AndroidXTracer: 	at androidx.test.platform.tracing.Tracing.<clinit>(Tracing.java:49)
04-15 02:09:10.571 25077 25099 E AndroidXTracer: 	at androidx.test.espresso.base.BaseLayerModule.providesTracing(BaseLayerModule.java:190)
04-15 02:09:10.571 25077 25099 E AndroidXTracer: 	at androidx.test.espresso.base.BaseLayerModule_ProvidesTracingFactory.providesTracing(BaseLayerModule_ProvidesTracingFactory.java:41)
04-15 02:09:10.571 25077 25099 E AndroidXTracer: 	at androidx.test.espresso.base.BaseLayerModule_ProvidesTracingFactory.get(BaseLayerModule_ProvidesTracingFactory.java:33)
04-15 02:09:10.571 25077 25099 E AndroidXTracer: 	at androidx.test.espresso.base.BaseLayerModule_ProvidesTracingFactory.get(BaseLayerModule_ProvidesTracingFactory.java:11)
04-15 02:09:10.571 25077 25099 E AndroidXTracer: 	at androidx.test.espresso.core.internal.deps.dagger.internal.DoubleCheck.get(DoubleCheck.java:47)
04-15 02:09:10.571 25077 25099 E AndroidXTracer: 	at androidx.test.espresso.base.IdlingResourceRegistry_Factory.get(IdlingResourceRegistry_Factory.java:38)
04-15 02:09:10.571 25077 25099 E AndroidXTracer: 	at androidx.test.espresso.base.IdlingResourceRegistry_Factory.get(IdlingResourceRegistry_Factory.java:12)
04-15 02:09:10.571 25077 25099 E AndroidXTracer: 	at androidx.test.espresso.core.internal.deps.dagger.internal.DoubleCheck.get(DoubleCheck.java:47)
04-15 02:09:10.571 25077 25099 E AndroidXTracer: 	at androidx.test.espresso.DaggerBaseLayerComponent$BaseLayerComponentImpl.idlingResourceRegistry(DaggerBaseLayerComponent.java:279)
04-15 02:09:10.571 25077 25099 E AndroidXTracer: 	at androidx.test.espresso.Espresso.<clinit>(Espresso.java:64)
04-15 02:09:10.571 25077 25099 E AndroidXTracer: 	at androidx.compose.ui.test.junit4.EspressoLink_androidKt.runEspressoOnIdle(EspressoLink.android.kt:92)
04-15 02:09:10.571 25077 25099 E AndroidXTracer: 	at androidx.compose.ui.test.junit4.EspressoLink.runUntilIdle(EspressoLink.android.kt:79)
04-15 02:09:10.571 25077 25099 E AndroidXTracer: 	at androidx.compose.ui.test.AndroidComposeUiTestEnvironment.runTest(ComposeUiTest.android.kt:320)
04-15 02:09:10.571 25077 25099 E AndroidXTracer: 	at androidx.compose.ui.test.junit4.AndroidComposeTestRule$apply$1.evaluate(AndroidComposeTestRule.android.kt:271)
04-15 02:09:10.571 25077 25099 E AndroidXTracer: 	at org.junit.runners.ParentRunner$3.evaluate(ParentRunner.java:306)
04-15 02:09:10.571 25077 25099 E AndroidXTracer: 	at org.junit.runners.BlockJUnit4ClassRunner$1.evaluate(BlockJUnit4ClassRunner.java:100)
04-15 02:09:10.571 25077 25099 E AndroidXTracer: 	at org.junit.runners.ParentRunner.runLeaf(ParentRunner.java:366)
04-15 02:09:10.571 25077 25099 E AndroidXTracer: 	at org.junit.runners.BlockJUnit4ClassRunner.runChild(BlockJUnit4ClassRunner.java:103)
04-15 02:09:10.571 25077 25099 E AndroidXTracer: 	at org.junit.runners.BlockJUnit4ClassRunner.runChild(BlockJUnit4ClassRunner.java:63)
04-15 02:09:10.571 25077 25099 E AndroidXTracer: 	at org.junit.runners.ParentRunner$4.run(ParentRunner.java:331)
04-15 02:09:10.571 25077 25099 E AndroidXTracer: 	at org.junit.runners.ParentRunner$1.schedule(ParentRunner.java:79)
04-15 02:09:10.571 25077 25099 E AndroidXTracer: 	at org.junit.runners.ParentRunner.runChildren(ParentRunner.java:329)
04-15 02:09:10.571 25077 25099 E AndroidXTracer: 	at org.junit.runners.ParentRunner.access$100(ParentRunner.java:66)
04-15 02:09:10.571 25077 25099 E AndroidXTracer: 	at org.junit.runners.ParentRunner$2.evaluate(ParentRunner.java:293)
04-15 02:09:10.571 25077 25099 E AndroidXTracer: 	at org.junit.runners.ParentRunner$3.evaluate(ParentRunner.java:306)
04-15 02:09:10.571 25077 25099 E AndroidXTracer: 	at org.junit.runners.ParentRunner.run(ParentRunner.java:413)
04-15 02:09:10.571 25077 25099 E AndroidXTracer: 	at androidx.test.ext.junit.runners.AndroidJUnit4.run(AndroidJUnit4.java:162)
04-15 02:09:10.571 25077 25099 E AndroidXTracer: 	at org.junit.runners.Suite.runChild(Suite.java:128)
04-15 02:09:10.571 25077 25099 E AndroidXTracer: 	at org.junit.runners.Suite.runChild(Suite.java:27)
04-15 02:09:10.571 25077 25099 E AndroidXTracer: 	at org.junit.runners.ParentRunner$4.run(ParentRunner.java:331)
04-15 02:09:10.571 25077 25099 E AndroidXTracer: 	at org.junit.runners.ParentRunner$1.schedule(ParentRunner.java:79)
04-15 02:09:10.571 25077 25099 E AndroidXTracer: 	at org.junit.runners.ParentRunner.runChildren(ParentRunner.java:329)
04-15 02:09:10.571 25077 25099 E AndroidXTracer: 	at org.junit.runners.ParentRunner.access$100(ParentRunner.java:66)
04-15 02:09:10.571 25077 25099 E AndroidXTracer: 	at org.junit.runners.ParentRunner$2.evaluate(ParentRunner.java:293)
04-15 02:09:10.571 25077 25099 E AndroidXTracer: 	at org.junit.runners.ParentRunner$3.evaluate(ParentRunner.java:306)
04-15 02:09:10.571 25077 25099 E AndroidXTracer: 	at org.junit.runners.ParentRunner.run(ParentRunner.java:413)
04-15 02:09:10.571 25077 25099 E AndroidXTracer: 	at org.junit.runner.JUnitCore.run(JUnitCore.java:137)
04-15 02:09:10.571 25077 25099 E AndroidXTracer: 	at org.junit.runner.JUnitCore.run(JUnitCore.java:115)
04-15 02:09:10.571 25077 25099 E AndroidXTracer: 	at androidx.test.internal.runner.TestExecutor.execute(TestExecutor.java:68)
04-15 02:09:10.571 25077 25099 E AndroidXTracer: 	at androidx.test.internal.runner.TestExecutor.execute(TestExecutor.java:59)
04-15 02:09:10.571 25077 25099 E AndroidXTracer: 	at androidx.test.runner.AndroidJUnitRunner.onStart(AndroidJUnitRunner.java:467)
04-15 02:09:10.571 25077 25099 E AndroidXTracer: 	at android.app.Instrumentation$InstrumentationThread.run(Instrumentation.java:2634)
04-15 02:09:10.571 25077 25099 I Tracing : Tracer added: class androidx.test.platform.tracing.AndroidXTracer
04-15 02:09:10.585 25077 25099 D IdlingRegistry: Registering idling resources: [androidx.compose.ui.test.junit4.EspressoLink@2bd6639]
04-15 02:09:10.599 25077 25099 W Settings: Setting always_finish_activities has moved from android.provider.Settings.System to android.provider.Settings.Global, returning read-only value.
04-15 02:09:10.606  1782  2840 V GrammaticalInflectionUtils: AttributionSource: android.content.AttributionSource@9bc23750 does not have READ_SYSTEM_GRAMMATICAL_GENDER permission.
04-15 02:09:10.608 13975 13975 D RecentsView: onTaskDisplayChanged: 3072, new displayId = 0
04-15 02:09:10.609   611  3196 I libbinder.BpBinder: onLastStrongRef automatically unlinking death recipients for binder (0xb400006e5bee5840) with descriptor: '(not cached)'
04-15 02:09:10.610  2673  2711 W DisplayDisconnectTransitionHandler: No disconnect change found in the transition, not handling request.
04-15 02:09:10.610 13975 13975 D BaseActivity: Launcher flags updated: [state_started|state_resumed|state_deferred_resumed|state_window_focused|state_user_active] -[]
04-15 02:09:10.612 13975 13975 D BaseActivity: Launcher flags updated: [state_started|state_resumed|state_deferred_resumed|state_window_focused] -[state_user_active]
04-15 02:09:10.612 13975 13975 D BaseActivity: Launcher flags updated: [state_started|state_window_focused] -[state_resumed|state_deferred_resumed]
04-15 02:09:10.612 13975 13975 W SplitSelectStateCtor: Missing session instanceIds
04-15 02:09:10.612 13975 13975 D StatsLog: LAUNCHER_SPLIT_SELECTION_EXIT_INTERRUPTED
04-15 02:09:10.615 13975 13975 D b/417220811: invalidateLoadedTasks - previous requestLoadId: -1
04-15 02:09:10.619  2673  2751 D WindowOnBackDispatcher: setTopOnBackInvokedCallback (unwrapped): android.view.ViewRootImpl$$ExternalSyntheticLambda25@1dea3ca
04-15 02:09:10.620 13975 13975 D b/417220811: invalidateLoadedTasks - previous requestLoadId: -1
04-15 02:09:10.630 13975 13975 D b/417220811: invalidateLoadedTasks - previous requestLoadId: -1
04-15 02:09:10.630 25077 25077 D DesktopExperienceFlags: Toggle override initialized to: false
04-15 02:09:10.632 25077 25077 D LifecycleMonitor: Lifecycle status change: com.codex.cardisconnecttracker.MainActivity@a5a4fb7 in: PRE_ON_CREATE
04-15 02:09:10.633 25077 25077 V ActivityScenario: Activity lifecycle changed event received but ignored because the reported transition was not ON_CREATE while the last known transition was PRE_ON_CREATE
04-15 02:09:10.635 25077 25077 I StorageUtils: /data/user/0/com.codex.cardisconnecttracker/files is writable
04-15 02:09:10.636 13975 13975 D BaseActivity: Launcher flags updated: [state_started] -[state_window_focused]
04-15 02:09:10.637  2673  3224 D WallpaperService: onVisibilityChanged(false): com.android.systemui.wallpapers.ImageWallpaper$CanvasEngine@e34f479
04-15 02:09:10.638 25077 25077 D CompatChangeReporter: Compat change id reported: 312399441; UID 10527; state: ENABLED
04-15 02:09:10.638 25077 25077 I StorageUtils: /storage/emulated/0/Android/data/com.codex.cardisconnecttracker/files is writable
04-15 02:09:10.639 25077 25077 I StorageUtils: /data/user/0/com.codex.cardisconnecttracker/files is writable
04-15 02:09:10.639 25077 25077 I StorageUtils: /storage/emulated/0/Android/data/com.codex.cardisconnecttracker/files is writable
04-15 02:09:10.640 25077 25077 I StorageUtils: /data/user/0/com.codex.cardisconnecttracker/files/osmdroid is writable
04-15 02:09:10.643 25077 25077 D CompatChangeReporter: Compat change id reported: 309578419; UID 10527; state: ENABLED
04-15 02:09:10.643 25077 25077 D DesktopModeFlags: Toggle override initialized to: OVERRIDE_UNSET
04-15 02:09:10.645 13975 13975 D VRI[NexusLauncherActivity]: visibilityChanged oldVisibility=true newVisibility=false
04-15 02:09:10.649 25077 25077 D LifecycleMonitor: Lifecycle status change: com.codex.cardisconnecttracker.MainActivity@a5a4fb7 in: CREATED
04-15 02:09:10.649 25077 25077 V ActivityScenario: Update currentActivityStage to CREATED, currentActivity=com.codex.cardisconnecttracker.MainActivity@a5a4fb7
04-15 02:09:10.650 25077 25077 D LifecycleMonitor: Lifecycle status change: com.codex.cardisconnecttracker.MainActivity@a5a4fb7 in: STARTED
04-15 02:09:10.650 25077 25077 V ActivityScenario: Update currentActivityStage to STARTED, currentActivity=com.codex.cardisconnecttracker.MainActivity@a5a4fb7
04-15 02:09:10.650 25077 25077 I ContentCaptureHelper: Setting logging level to OFF
04-15 02:09:10.652 13975 13975 D NexusLauncherModelDelegate: notifySmartspaceEvent: SmartspaceTargetEvent{mSmartspaceTarget=null, mSmartspaceActionId='null', mEventType=7}
04-15 02:09:10.653 16287 16308 I AiAiEcho: (REDACTED) %s No tracked ambient data found for ID: %s; for event type: %d, skipping event processing.
04-15 02:09:10.663 25077 25077 D LifecycleMonitor: Lifecycle status change: com.codex.cardisconnecttracker.MainActivity@a5a4fb7 in: RESUMED
04-15 02:09:10.663 25077 25077 V ActivityScenario: Update currentActivityStage to RESUMED, currentActivity=com.codex.cardisconnecttracker.MainActivity@a5a4fb7
04-15 02:09:10.667 25077 25077 D CompatChangeReporter: Compat change id reported: 349153669; UID 10527; state: ENABLED
04-15 02:09:10.715 13975 13975 D b/417220811: invalidateLoadedTasks - previous requestLoadId: -1
04-15 02:09:10.739 25077 25077 W sconnecttracker: Method boolean androidx.compose.runtime.snapshots.SnapshotStateList.conditionalUpdate(boolean, kotlin.jvm.functions.Function1) failed lock verification and will run slower.
04-15 02:09:10.739 25077 25077 W sconnecttracker: Common causes for lock verification issues are non-optimized dex code
04-15 02:09:10.739 25077 25077 W sconnecttracker: and incorrect proguard optimizations.
04-15 02:09:10.739 25077 25077 W sconnecttracker: Method boolean androidx.compose.runtime.snapshots.SnapshotStateList.conditionalUpdate$default(androidx.compose.runtime.snapshots.SnapshotStateList, boolean, kotlin.jvm.functions.Function1, int, java.lang.Object) failed lock verification and will run slower.
04-15 02:09:10.739 25077 25077 W sconnecttracker: Method java.lang.Object androidx.compose.runtime.snapshots.SnapshotStateList.mutate(kotlin.jvm.functions.Function1) failed lock verification and will run slower.
04-15 02:09:10.739 25077 25077 W sconnecttracker: Method void androidx.compose.runtime.snapshots.SnapshotStateList.update(boolean, kotlin.jvm.functions.Function1) failed lock verification and will run slower.
04-15 02:09:10.739 25077 25077 W sconnecttracker: Method void androidx.compose.runtime.snapshots.SnapshotStateList.update$default(androidx.compose.runtime.snapshots.SnapshotStateList, boolean, kotlin.jvm.functions.Function1, int, java.lang.Object) failed lock verification and will run slower.
04-15 02:09:10.757 25077 25077 D VRI[MainActivity]: WindowInsets changed: 1080x2424 statusBars:[0,152,0,0] navigationBars:[0,0,0,69] mandatorySystemGestures:[0,187,0,92]
04-15 02:09:10.758 25077 25077 D WindowOnBackDispatcher: setTopOnBackInvokedCallback (unwrapped): android.view.ViewRootImpl$$ExternalSyntheticLambda25@2aa680f
04-15 02:09:10.765 25077 25077 I HWUI    : Using FreeType backend (prop=Auto)
04-15 02:09:10.792  1782  1853 I ActivityTaskManager: Displayed com.codex.cardisconnecttracker/.MainActivity for user 0: +188ms
04-15 02:09:10.798  2673  2751 D WindowOnBackDispatcher: setTopOnBackInvokedCallback (unwrapped): null
04-15 02:09:10.800 13975 13975 D BaseActivity: Launcher flags updated: [] -[state_started]
04-15 02:09:10.800 13975 13975 D BaseDepthController: setSurface:
04-15 02:09:10.800 13975 13975 D BaseDepthController: 	mWaitingOnSurfaceValidity: false
04-15 02:09:10.800 13975 13975 D BaseDepthController: 	mBaseSurface: null
04-15 02:09:10.800 13975 13975 D BaseDepthController: mSurface is null and mCurrentBlur is: 0
04-15 02:09:10.800 13975 13975 D LauncherStateManager: StateManager.goToState: fromState: Normal, toState: Normal, partial trace:
04-15 02:09:10.800 13975 13975 D LauncherStateManager: 	at com.android.launcher3.statemanager.StateManager.moveToRestState(go/retraceme 144566bd9520bc83e5304c26b07b13110d583e327fe0d444e5839d5db5f7f1ec:27)
04-15 02:09:10.800 13975 13975 D LauncherStateManager: 	at com.android.launcher3.statemanager.StateManager.moveToRestState(go/retraceme 144566bd9520bc83e5304c26b07b13110d583e327fe0d444e5839d5db5f7f1ec:36)
04-15 02:09:10.800 13975 13975 D LauncherStateManager: 	at com.android.launcher3.statemanager.StatefulActivity.onStop(go/retraceme 144566bd9520bc83e5304c26b07b13110d583e327fe0d444e5839d5db5f7f1ec:32)
04-15 02:09:10.801 13975 13975 D LauncherStateManager: StateManager.onRepeatStateSetAborted: state: Normal
04-15 02:09:10.801 13975 13975 D KeyboardStateManager: hideKeyboard
04-15 02:09:10.801 13975 13975 D KeyboardStateManager: isImeShown: false
04-15 02:09:10.801 13975 13975 D StatsLog: LAUNCHER_ONSTOP
04-15 02:09:10.801 13975 14049 D GmsPlayProvider: Shutdown the binder channel gracefully.
04-15 02:09:10.801 13975 14049 D GmsPlayProvider: Binder channel is terminated gracefully.
04-15 02:09:10.801 13975 13975 D StatsLog: LAUNCHER_GOOGLE_SEARCH_RESTORE_LIST_SIZE_AFTER_ACTIVITY_RESTART
04-15 02:09:10.814  1782  2306 I ImeTracker: com.codex.cardisconnecttracker:9be03cbc: onRequestHide at ORIGIN_SERVER reason HIDE_UNSPECIFIED_WINDOW fromUser false userId 0 displayId 0
04-15 02:09:10.815 25077 25077 I ImeTracker: com.codex.cardisconnecttracker:9be03cbc: onCancelled at PHASE_CLIENT_ALREADY_HIDDEN
04-15 02:09:10.817  4203  4203 I GoogleInputMethodService: GoogleInputMethodService.onFinishInput():2159
04-15 02:09:10.818  4203  4203 I Module  : DeviceLockedStatusModuleProvider$Module.updateDeviceLockedStatus():103 repeatCheckTimes = 0, locked = false
04-15 02:09:10.818  1782  2741 I ImeTracker: system_server:5ee81c43: onRequestHide at ORIGIN_SERVER reason IME_REQUESTED_CHANGED_LISTENER fromUser false displayId 0
04-15 02:09:10.818  4203  4203 I GoogleInputMethodService: GoogleInputMethodService.onStartInput():1434 onStartInput(EditorInfo{EditorInfo{packageName=com.codex.cardisconnecttracker, inputType=0, inputTypeString=NULL, enableLearning=false, autoCorrection=false, autoComplete=false, imeOptions=0, privateImeOptions=null, actionName=UNSPECIFIED, actionLabel=null, initialSelStart=-1, initialSelEnd=-1, initialCapsMode=0, label=null, fieldId=0, fieldName=null, extras=null, hintText=null, hintLocales=[]}}, false)
04-15 02:09:10.818  4203  4203 I AndroidIME: LatinIMEBase.updateInputViewCoverNavigation():312 Update input view padding, isNavbarOverInputWindow=true, bottom inset=138
04-15 02:09:10.818  1782  1857 I ImeTracker: system_server:5ee81c43: onCancelled at PHASE_SERVER_SHOULD_HIDE
04-15 02:09:10.819  4203  4203 I Module  : DeviceLockedStatusModuleProvider$Module.updateDeviceLockedStatus():103 repeatCheckTimes = 1, locked = false
04-15 02:09:10.851 25077 25085 I sconnecttracker: Compiler allocated 5038KB to compile void android.view.ViewRootImpl.performTraversals()
04-15 02:09:10.868  1782  6366 V GrammaticalInflectionUtils: AttributionSource: android.content.AttributionSource@9d770fef does not have READ_SYSTEM_GRAMMATICAL_GENDER permission.
04-15 02:09:10.869 13975 13975 D RecentsView: onTaskDisplayChanged: 3073, new displayId = 0
04-15 02:09:10.870   611  3188 I libbinder.BpBinder: onLastStrongRef automatically unlinking death recipients for binder (0xb400006e5bee4f50) with descriptor: '(not cached)'
04-15 02:09:10.872  2673  2711 W DisplayDisconnectTransitionHandler: No disconnect change found in the transition, not handling request.
04-15 02:09:10.872  1782  1857 V GrammaticalInflectionUtils: AttributionSource: android.content.AttributionSource@9d770fef does not have READ_SYSTEM_GRAMMATICAL_GENDER permission.
04-15 02:09:10.873 25077 25077 D LifecycleMonitor: Lifecycle status change: com.codex.cardisconnecttracker.MainActivity@a5a4fb7 in: PAUSED
04-15 02:09:10.873 25077 25077 V ActivityScenario: Update currentActivityStage to PAUSED, currentActivity=com.codex.cardisconnecttracker.MainActivity@a5a4fb7
04-15 02:09:10.874 13975 13975 D b/417220811: invalidateLoadedTasks - previous requestLoadId: -1
04-15 02:09:10.878  2673  2751 D WindowOnBackDispatcher: setTopOnBackInvokedCallback (unwrapped): android.view.ViewRootImpl$$ExternalSyntheticLambda25@c163aef
04-15 02:09:10.884  1248  1248 D Zygote  : Forked child process 25123
04-15 02:09:10.893 25123 25123 I Zygote  : Process 25123 created for com.codex.cardisconnecttracker.test
04-15 02:09:10.894 25123 25123 I ecttracker.test: Late-enabling -Xcheck:jni
04-15 02:09:10.896 13975 13975 D b/417220811: invalidateLoadedTasks - previous requestLoadId: -1
04-15 02:09:10.905 25077 25077 D VRI[MainActivity]: visibilityChanged oldVisibility=true newVisibility=false
04-15 02:09:10.909  1782  2643 W ImageReader_JNI: Unable to acquire a buffer item, very likely client tried to acquire more than maxImages buffers
04-15 02:09:10.909 25123 25123 I ecttracker.test: Using CollectorTypeCMC GC.
04-15 02:09:10.912  4499  4520 I adbd    : jdwp connection from 25123
04-15 02:09:10.915 25123 25123 D nativeloader: Load libframework-connectivity-tiramisu-jni.so using APEX ns com_android_tethering for caller /apex/com.android.tethering/javalib/framework-connectivity-t.jar: ok
04-15 02:09:10.932 25123 25123 D ApplicationLoaders: Returning zygote-cached class loader: /system/framework/android.test.base.jar
04-15 02:09:10.934 25123 25123 D nativeloader: Configuring clns-9 for other apk /system/framework/android.test.mock.jar. target_sdk_version=35, uses_libraries=ALL, library_path=/data/app/~~5nRushOiSzOzDKRkM1Yl_w==/com.codex.cardisconnecttracker.test-2p2g0_obiDq7DofBhLwegA==/lib/arm64, permitted_path=/data:/mnt/expand:/data/user/0/com.codex.cardisconnecttracker.test
04-15 02:09:10.934 25123 25123 D ApplicationLoaders: Returning zygote-cached class loader: /system/framework/android.test.base.jar
04-15 02:09:10.935 25123 25123 D nativeloader: Configuring clns-10 for other apk /system/framework/android.test.runner.jar. target_sdk_version=35, uses_libraries=ALL, library_path=/data/app/~~5nRushOiSzOzDKRkM1Yl_w==/com.codex.cardisconnecttracker.test-2p2g0_obiDq7DofBhLwegA==/lib/arm64, permitted_path=/data:/mnt/expand:/data/user/0/com.codex.cardisconnecttracker.test
04-15 02:09:10.948 25123 25123 D nativeloader: Configuring clns-11 for other apk /data/app/~~5nRushOiSzOzDKRkM1Yl_w==/com.codex.cardisconnecttracker.test-2p2g0_obiDq7DofBhLwegA==/base.apk. target_sdk_version=35, uses_libraries=, library_path=/data/app/~~5nRushOiSzOzDKRkM1Yl_w==/com.codex.cardisconnecttracker.test-2p2g0_obiDq7DofBhLwegA==/lib/arm64, permitted_path=/data:/mnt/expand:/data/user/0/com.codex.cardisconnecttracker.test
04-15 02:09:10.948 25123 25123 D CompatChangeReporter: Compat change id reported: 202956589; UID 10528; state: ENABLED
04-15 02:09:10.952 25123 25123 V GraphicsEnvironment: Currently set values for:
04-15 02:09:10.952 25123 25123 V GraphicsEnvironment:   angle_gl_driver_selection_pkgs=[com.android.angle]
04-15 02:09:10.952 25123 25123 V GraphicsEnvironment:   angle_gl_driver_selection_values=[angle]
04-15 02:09:10.952 25123 25123 V GraphicsEnvironment: com.codex.cardisconnecttracker.test is not listed in per-application setting
04-15 02:09:10.952 25123 25123 V GraphicsEnvironment: No special selections for ANGLE, returning default driver choice
04-15 02:09:10.952 25123 25123 V GraphicsEnvironment: Neither updatable production driver nor prerelease driver is supported.
04-15 02:09:10.972 25123 25123 D CompatChangeReporter: Compat change id reported: 309578419; UID 10528; state: ENABLED
04-15 02:09:10.972 25123 25123 D DesktopExperienceFlags: Toggle override initialized to: false
04-15 02:09:10.972 25123 25123 D DesktopModeFlags: Toggle override initialized to: OVERRIDE_UNSET
04-15 02:09:10.976 13975 13975 D b/417220811: invalidateLoadedTasks - previous requestLoadId: -1
04-15 02:09:10.984 25123 25123 D CompatChangeReporter: Compat change id reported: 349153669; UID 10528; state: ENABLED
04-15 02:09:10.993  2673  2711 W DisplayDisconnectTransitionHandler: No disconnect change found in the transition, not handling request.
04-15 02:09:10.993   611   674 I libbinder.BpBinder: onLastStrongRef automatically unlinking death recipients for binder (0xb400006e5bef1fa0) with descriptor: '(not cached)'
04-15 02:09:10.996 25123 25123 D VRI[InstrumentationActivityInvoker$EmptyActivity]: WindowInsets changed: 1080x2424 statusBars:[0,152,0,0] navigationBars:[0,0,0,69] mandatorySystemGestures:[0,187,0,92]
04-15 02:09:10.996 25123 25123 D WindowOnBackDispatcher: setTopOnBackInvokedCallback (unwrapped): android.view.ViewRootImpl$$ExternalSyntheticLambda25@ebbcaef
04-15 02:09:10.997   611   674 W libbinder.ServiceManagerCppClient: Permission failure: android.permission.ACCESS_SURFACE_FLINGER from uid=10528 pid=25123
04-15 02:09:10.997   611   674 D libbinder.PermissionCache: checking android.permission.ACCESS_SURFACE_FLINGER for uid=10528 => denied (137 us)
04-15 02:09:10.997   611   674 W libbinder.ServiceManagerCppClient: Permission failure: android.permission.ROTATE_SURFACE_FLINGER from uid=10528 pid=25123
04-15 02:09:10.997   611   674 D libbinder.PermissionCache: checking android.permission.ROTATE_SURFACE_FLINGER for uid=10528 => denied (59 us)
04-15 02:09:10.997   611   674 W libbinder.ServiceManagerCppClient: Permission failure: android.permission.INTERNAL_SYSTEM_WINDOW from uid=10528 pid=25123
04-15 02:09:10.997   611   674 D libbinder.PermissionCache: checking android.permission.INTERNAL_SYSTEM_WINDOW for uid=10528 => denied (45 us)
04-15 02:09:10.997   611   674 W libbinder.ServiceManagerCppClient: Permission failure: android.permission.READ_FRAME_BUFFER from uid=10528 pid=25123
04-15 02:09:10.997   611   674 D libbinder.PermissionCache: checking android.permission.READ_FRAME_BUFFER for uid=10528 => denied (44 us)
04-15 02:09:11.005  1782  6366 W libbinder.ServiceManagerCppClient: Permission failure: android.permission.ACCESS_SURFACE_FLINGER from uid=10528 pid=0
04-15 02:09:11.005  1782  6366 D libbinder.PermissionCache: checking android.permission.ACCESS_SURFACE_FLINGER for uid=10528 => denied (188 us)
04-15 02:09:11.005  1782  6366 W libbinder.ServiceManagerCppClient: Permission failure: android.permission.ROTATE_SURFACE_FLINGER from uid=10528 pid=0
04-15 02:09:11.005  1782  6366 D libbinder.PermissionCache: checking android.permission.ROTATE_SURFACE_FLINGER for uid=10528 => denied (38 us)
04-15 02:09:11.005  1782  6366 W libbinder.ServiceManagerCppClient: Permission failure: android.permission.INTERNAL_SYSTEM_WINDOW from uid=10528 pid=0
04-15 02:09:11.005  1782  6366 D libbinder.PermissionCache: checking android.permission.INTERNAL_SYSTEM_WINDOW for uid=10528 => denied (29 us)
04-15 02:09:11.005  1782  6366 W libbinder.ServiceManagerCppClient: Permission failure: android.permission.READ_FRAME_BUFFER from uid=10528 pid=0
04-15 02:09:11.005  1782  6366 D libbinder.PermissionCache: checking android.permission.READ_FRAME_BUFFER for uid=10528 => denied (30 us)
04-15 02:09:11.006 13975 13975 D b/417220811: invalidateLoadedTasks - previous requestLoadId: -1
04-15 02:09:11.007 13975 13975 D ViewRootImpl: Skipping stats log for color mode
04-15 02:09:11.007 13975 13975 D BaseActivity: Launcher flags updated: [state_started] +[state_started]
04-15 02:09:11.008 13975 13975 D BaseActivity: Launcher flags updated: [state_started|state_resumed|state_user_active] +[state_resumed|state_user_active]
04-15 02:09:11.008 13975 13975 D BaseActivity: Launcher flags updated: [state_started|state_resumed|state_user_active] +[]
04-15 02:09:11.008 13975 13975 D BaseActivity: Launcher flags updated: [state_started|state_resumed|state_deferred_resumed|state_user_active] +[state_deferred_resumed]
04-15 02:09:11.008 13975 13975 D StatsLog: LAUNCHER_ONRESUME
04-15 02:09:11.009 13975 13998 D QuickstepModelDelegate: notifyAppTargetEvent action=1 launchLocation=workspace/0/[-1,-1]/[1,1]
04-15 02:09:11.011 13975 13975 D NexusLauncherModelDelegate: notifySmartspaceEvent: SmartspaceTargetEvent{mSmartspaceTarget=null, mSmartspaceActionId='null', mEventType=6}
04-15 02:09:11.014 13975 13975 D BaseDepthController: setSurface:
04-15 02:09:11.014 13975 13975 D BaseDepthController: 	mWaitingOnSurfaceValidity: false
04-15 02:09:11.014 13975 13975 D BaseDepthController: 	mBaseSurface: Surface(name=com.google.android.apps.nexuslauncher/com.google.android.apps.nexuslauncher.NexusLauncherActivity#80652)/@0xba6ca9
04-15 02:09:11.014 13975 13975 V BaseDepthController: Applying blur: 0 to Surface(name=com.google.android.apps.nexuslauncher/com.google.android.apps.nexuslauncher.NexusLauncherActivity#80652)/@0xba6ca9 applyImmediately: false
04-15 02:09:11.015 13975 13975 D BaseDepthController: shouldBlurWorkspace: false targetState: Normal currentStableState: Normal mCurrentBlur: 0 mLauncher.getDepthBlurTargets(): [com.android.launcher3.Workspace{5958714 V.ED..... .......D 0,0-1080,2424 #7f0a04ae app:id/workspace}, com.android.launcher3.Hotseat{fdecb17 V.ED..... .......D 0,1906-1080,2424 #7f0a01f6 app:id/hotseat}]
04-15 02:09:11.019  2673  3224 D WallpaperService: onVisibilityChanged(true): com.android.systemui.wallpapers.ImageWallpaper$CanvasEngine@e34f479
04-15 02:09:11.027 13975 13975 D LauncherStateManager: StateManager.cancelAnimation: animation ongoing: false, partial trace:
04-15 02:09:11.027 13975 13975 D LauncherStateManager: 	at com.android.launcher3.statemanager.StateManager.setCurrentAnimation(go/retraceme 144566bd9520bc83e5304c26b07b13110d583e327fe0d444e5839d5db5f7f1ec:60)
04-15 02:09:11.027 13975 13975 D LauncherStateManager: 	at com.android.launcher3.QuickstepTransitionManager.createWallpaperOpenAnimations(go/retraceme 144566bd9520bc83e5304c26b07b13110d583e327fe0d444e5839d5db5f7f1ec:667)
04-15 02:09:11.027 13975 13975 D LauncherStateManager: 	at com.android.launcher3.QuickstepTransitionManager$WallpaperOpenLauncherAnimationRunner.onAnimationStart(go/retraceme 144566bd9520bc83e5304c26b07b13110d583e327fe0d444e5839d5db5f7f1ec:95)
04-15 02:09:11.027 13975 13975 D LauncherStateManager: StateManager.createAtomicAnimation: fromState: Normal, toState: Normal, partial trace:
04-15 02:09:11.027 13975 13975 D LauncherStateManager: 	at com.android.quickstep.util.WorkspaceRevealAnim.prepareToAnimate(go/retraceme 144566bd9520bc83e5304c26b07b13110d583e327fe0d444e5839d5db5f7f1ec:20)
04-15 02:09:11.027 13975 13975 D LauncherStateManager: 	at com.android.quickstep.util.WorkspaceRevealAnim.<init>(go/retraceme 144566bd9520bc83e5304c26b07b13110d583e327fe0d444e5839d5db5f7f1ec:11)
04-15 02:09:11.027 13975 13975 D LauncherStateManager: 	at com.android.launcher3.QuickstepTransitionManager.createWallpaperOpenAnimations(go/retraceme 144566bd9520bc83e5304c26b07b13110d583e327fe0d444e5839d5db5f7f1ec:704)
04-15 02:09:11.027 13975 13975 D AllAppsTransitionController: shouldProtectHeader: false skipScrim: true state: Normal stateManager.getState(): Normal
04-15 02:09:11.027 13975 13975 D KeyboardInsetsHandler: removePendingImeController: pendingImeController=null
04-15 02:09:11.027 13975 13975 D b/311077782: LauncherAnimationRunner.setAnimation
04-15 02:09:11.027 13975 13975 D WorkspaceRevealAnim: onAnimationEnd: workspace alpha = 1.0
04-15 02:09:11.031 16287 16308 I AiAiEcho: (REDACTED) Predicting[%d]: %s
04-15 02:09:11.031 16287 16308 I AiAiEcho: (REDACTED) EchoTargets: %s
04-15 02:09:11.031 16287 16308 I AiAiEcho: Filtered by AiAi flag check: %s
04-15 02:09:11.032 16287 16308 I AiAiEcho: (REDACTED) #weatherSubItemsTwiddler: Weather removes SubtitleSupplementalItem in surface: %s
04-15 02:09:11.032 16287 16308 I AiAiEcho: #remoteViewsTwiddler: feature disabled.
04-15 02:09:11.032 16287 16308 I AiAiEcho: (REDACTED) %s No tracked ambient data found for ID: %s; for event type: %d, skipping event processing.
04-15 02:09:11.034 16287 16308 I AiAiEcho: (REDACTED) #postPredictionTargets: Sending updates to UISurface %s with targets# %s (types=[%s])
04-15 02:09:11.037 25077 25077 D LifecycleMonitor: Lifecycle status change: com.codex.cardisconnecttracker.MainActivity@a5a4fb7 in: STOPPED
04-15 02:09:11.037 25077 25077 V ActivityScenario: Update currentActivityStage to STOPPED, currentActivity=com.codex.cardisconnecttracker.MainActivity@a5a4fb7
04-15 02:09:11.037 13975 13975 D SsBaseTemplateCard: Passed-in item info is null
04-15 02:09:11.038 13975 13975 I SsBaseTemplateCard: setFormattedContentDescription: text=13°C, iconDescription=Clear night, contentDescription=Clear night 13°C
04-15 02:09:11.038 13975 13975 D SsBaseTemplateCard: Passed-in item info is null
04-15 02:09:11.038 13975 13975 D SsBaseTemplateCard: Passed-in item info is null
04-15 02:09:11.038 13975 13975 I SsBaseTemplateCard: Secondary card pane is null
04-15 02:09:11.040 13975 13975 D BaseActivity: Launcher flags updated: [state_started|state_resumed|state_deferred_resumed|state_window_focused|state_user_active] +[state_window_focused]
04-15 02:09:11.040 25123 25123 D VRI[InstrumentationActivityInvoker$EmptyActivity]: visibilityChanged oldVisibility=true newVisibility=false
04-15 02:09:11.043  1782  2306 I ImeTracker: com.google.android.apps.nexuslauncher:a67f5ef7: onRequestHide at ORIGIN_SERVER reason HIDE_UNSPECIFIED_WINDOW fromUser false userId 0 displayId 0
04-15 02:09:11.044 25077 25077 D LifecycleMonitor: Lifecycle status change: com.codex.cardisconnecttracker.MainActivity@a5a4fb7 in: DESTROYED
04-15 02:09:11.044 25077 25077 V ActivityScenario: Update currentActivityStage to DESTROYED, currentActivity=null
04-15 02:09:11.044 13975 13975 I ImeTracker: com.google.android.apps.nexuslauncher:a67f5ef7: onCancelled at PHASE_CLIENT_ALREADY_HIDDEN
04-15 02:09:11.044 25077 25077 D WindowOnBackDispatcher: setTopOnBackInvokedCallback (unwrapped): null
04-15 02:09:11.049  4203  4203 I GoogleInputMethodService: GoogleInputMethodService.onFinishInput():2159
04-15 02:09:11.049  4203  4203 I Module  : DeviceLockedStatusModuleProvider$Module.updateDeviceLockedStatus():103 repeatCheckTimes = 0, locked = false
04-15 02:09:11.050  2673  2751 D WindowOnBackDispatcher: setTopOnBackInvokedCallback (unwrapped): null
04-15 02:09:11.050  4203  4203 I GoogleInputMethodService: GoogleInputMethodService.onStartInput():1434 onStartInput(EditorInfo{EditorInfo{packageName=com.google.android.apps.nexuslauncher, inputType=0, inputTypeString=NULL, enableLearning=false, autoCorrection=false, autoComplete=false, imeOptions=0, privateImeOptions=null, actionName=UNSPECIFIED, actionLabel=null, initialSelStart=-1, initialSelEnd=-1, initialCapsMode=0, label=null, fieldId=0, fieldName=null, extras=null, hintText=null, hintLocales=[]}}, false)
04-15 02:09:11.050  4203  4203 I AndroidIME: LatinIMEBase.updateInputViewCoverNavigation():312 Update input view padding, isNavbarOverInputWindow=true, bottom inset=138
04-15 02:09:11.051 25077 25077 D ViewRootImpl: Skipping stats log for color mode
04-15 02:09:11.051  4203  4203 I Module  : DeviceLockedStatusModuleProvider$Module.updateDeviceLockedStatus():103 repeatCheckTimes = 1, locked = false
04-15 02:09:11.051  1782  3908 I ImeTracker: system_server:795d130e: onRequestHide at ORIGIN_SERVER reason IME_REQUESTED_CHANGED_LISTENER fromUser false displayId 0
04-15 02:09:11.052  1782  1857 I ImeTracker: system_server:795d130e: onCancelled at PHASE_SERVER_SHOULD_HIDE
04-15 02:09:11.059 13975 13975 D RecentsView: onTaskRemoved: 3072, not handling task stack changes
04-15 02:09:11.059 13975 13975 D RecentsView: onTaskRemoved: 3072, not handling task stack changes
04-15 02:09:11.060 25077 25099 D IdlingRegistry: Unregistering idling resources: [androidx.compose.ui.test.junit4.EspressoLink@2bd6639]
04-15 02:09:11.060 25077 25099 I TestRunner: finished: showsPermissionDialogWhenPermissionsMissing(com.codex.cardisconnecttracker.MainActivityTest)
