04-15 02:09:12.499 25077 25099 I TestRunner: started: dismissesWelcomeAndShowsDashboardWhenSetupComplete(com.codex.cardisconnecttracker.MainActivityTest)
04-15 02:09:12.501 25077 25099 D IdlingRegistry: Registering idling resources: [androidx.compose.ui.test.junit4.EspressoLink@8710f6]
04-15 02:09:12.502 25077 25099 W Settings: Setting always_finish_activities has moved from android.provider.Settings.System to android.provider.Settings.Global, returning read-only value.
04-15 02:09:12.504  1782  5169 V GrammaticalInflectionUtils: AttributionSource: android.content.AttributionSource@9bc23750 does not have READ_SYSTEM_GRAMMATICAL_GENDER permission.
04-15 02:09:12.506 13975 13975 D SsBaseTemplateCard: Passed-in item info is null
04-15 02:09:12.506 13975 13975 I SsBaseTemplateCard: setFormattedContentDescription: text=13°C, iconDescription=Clear night, contentDescription=Clear night 13°C
04-15 02:09:12.506 13975 13975 D SsBaseTemplateCard: Passed-in item info is null
04-15 02:09:12.506 13975 13975 D SsBaseTemplateCard: Passed-in item info is null
04-15 02:09:12.506 13975 13975 I SsBaseTemplateCard: Secondary card pane is null
04-15 02:09:12.508 13975 13975 D RecentsView: onTaskRemoved: 3080, not handling task stack changes
04-15 02:09:12.508 13975 13975 D RecentsView: onTaskRemoved: 3080, not handling task stack changes
04-15 02:09:12.508 13975 13975 D b/417220811: invalidateLoadedTasks - previous requestLoadId: -1
04-15 02:09:12.508 13975 13975 D RecentsView: onTaskDisplayChanged: 3082, new displayId = 0
04-15 02:09:12.508   611  3188 I libbinder.BpBinder: onLastStrongRef automatically unlinking death recipients for binder (0xb400006e5befa190) with descriptor: '(not cached)'
04-15 02:09:12.509 13975 13975 D BaseActivity: Launcher flags updated: [state_started|state_resumed|state_deferred_resumed|state_window_focused|state_user_active] -[]
04-15 02:09:12.509  2673  2711 W DisplayDisconnectTransitionHandler: No disconnect change found in the transition, not handling request.
04-15 02:09:12.510 13975 13975 D BaseActivity: Launcher flags updated: [state_started|state_resumed|state_deferred_resumed|state_window_focused] -[state_user_active]
04-15 02:09:12.510 13975 13975 D BaseActivity: Launcher flags updated: [state_started|state_window_focused] -[state_resumed|state_deferred_resumed]
04-15 02:09:12.510 13975 13975 W SplitSelectStateCtor: Missing session instanceIds
04-15 02:09:12.510 13975 13975 D StatsLog: LAUNCHER_SPLIT_SELECTION_EXIT_INTERRUPTED
04-15 02:09:12.513 25123 25123 D WindowOnBackDispatcher: setTopOnBackInvokedCallback (unwrapped): null
04-15 02:09:12.514  2673  2751 D WindowOnBackDispatcher: setTopOnBackInvokedCallback (unwrapped): android.view.ViewRootImpl$$ExternalSyntheticLambda25@e3e7736
04-15 02:09:12.514 13975 13975 D b/417220811: invalidateLoadedTasks - previous requestLoadId: -1
04-15 02:09:12.514 13975 13975 D b/417220811: invalidateLoadedTasks - previous requestLoadId: -1
04-15 02:09:12.516 25123 25123 D ViewRootImpl: Skipping stats log for color mode
04-15 02:09:12.516 25077 25077 D LifecycleMonitor: Lifecycle status change: com.codex.cardisconnecttracker.MainActivity@7b723da in: PRE_ON_CREATE
04-15 02:09:12.516 25077 25077 V ActivityScenario: Activity lifecycle changed event received but ignored because the reported transition was not ON_CREATE while the last known transition was PRE_ON_CREATE
04-15 02:09:12.517 25077 25077 I StorageUtils: /data/user/0/com.codex.cardisconnecttracker/files/osmdroid is writable
04-15 02:09:12.519 25077 25077 D LifecycleMonitor: Lifecycle status change: com.codex.cardisconnecttracker.MainActivity@7b723da in: CREATED
04-15 02:09:12.519 25077 25077 V ActivityScenario: Update currentActivityStage to CREATED, currentActivity=com.codex.cardisconnecttracker.MainActivity@7b723da
04-15 02:09:12.519 25077 25077 D LifecycleMonitor: Lifecycle status change: com.codex.cardisconnecttracker.MainActivity@7b723da in: STARTED
04-15 02:09:12.520 25077 25077 V ActivityScenario: Update currentActivityStage to STARTED, currentActivity=com.codex.cardisconnecttracker.MainActivity@7b723da
04-15 02:09:12.520 25077 25077 I ContentCaptureHelper: Setting logging level to OFF
04-15 02:09:12.522 25077 25077 D LifecycleMonitor: Lifecycle status change: com.codex.cardisconnecttracker.MainActivity@7b723da in: RESUMED
04-15 02:09:12.522 25077 25077 V ActivityScenario: Update currentActivityStage to RESUMED, currentActivity=com.codex.cardisconnecttracker.MainActivity@7b723da
04-15 02:09:12.525  1331  2660 I WifiHAL : Getting cached scan results, iface handle = 0xb4000072b7822910
04-15 02:09:12.525  1331  2660 E WifiHAL : Creating message to get cached scan results
04-15 02:09:12.526 13975 13975 D RecentsView: onTaskRemoved: 3081, not handling task stack changes
04-15 02:09:12.526 13975 13975 D RecentsView: onTaskRemoved: 3081, not handling task stack changes
04-15 02:09:12.528 13975 13975 D b/417220811: invalidateLoadedTasks - previous requestLoadId: -1
04-15 02:09:12.528 13975 13975 D b/417220811: invalidateLoadedTasks - previous requestLoadId: -1
04-15 02:09:12.528  1331  2660 I WifiHAL : In GetCachedScanResultsCommand::handleResponse
04-15 02:09:12.531 13975 13975 D BaseActivity: Launcher flags updated: [state_started] -[state_window_focused]
04-15 02:09:12.533  2673  3224 D WallpaperService: onVisibilityChanged(false): com.android.systemui.wallpapers.ImageWallpaper$CanvasEngine@e34f479
04-15 02:09:12.539 13975 13975 D VRI[NexusLauncherActivity]: visibilityChanged oldVisibility=true newVisibility=false
04-15 02:09:12.545 25077 25077 D VRI[MainActivity]: WindowInsets changed: 1080x2424 statusBars:[0,152,0,0] navigationBars:[0,0,0,69] mandatorySystemGestures:[0,187,0,92]
04-15 02:09:12.545 25077 25077 D WindowOnBackDispatcher: setTopOnBackInvokedCallback (unwrapped): android.view.ViewRootImpl$$ExternalSyntheticLambda25@595a1a1
04-15 02:09:12.547 13975 13975 D NexusLauncherModelDelegate: notifySmartspaceEvent: SmartspaceTargetEvent{mSmartspaceTarget=null, mSmartspaceActionId='null', mEventType=7}
04-15 02:09:12.548 16287 16308 I AiAiEcho: (REDACTED) %s No tracked ambient data found for ID: %s; for event type: %d, skipping event processing.
04-15 02:09:12.558  1331  2660 D WifiHAL : Start debug command: mType GET_FEATURE
04-15 02:09:12.558  1331  2660 I WifiHAL : CreateRequest mType = GET_FEATURE
04-15 02:09:12.558  1331  2660 D WifiHAL : In DebugCommand::handleResponse, mType:GET_FEATURE
04-15 02:09:12.558  1331  2660 D WifiHAL : len = 4, expected len = 4
04-15 02:09:12.558  1782  2570 I HalDevMgr: bestIfaceCreationProposal is null, requestIface=STA, existingIface=[name=wlan0 type=STA]
04-15 02:09:12.564  1782  1853 I ActivityTaskManager: Displayed com.codex.cardisconnecttracker/.MainActivity for user 0: +60ms
04-15 02:09:12.569 13975 13975 D BaseActivity: Launcher flags updated: [] -[state_started]
04-15 02:09:12.569 13975 13975 D BaseDepthController: setSurface:
04-15 02:09:12.569 13975 13975 D BaseDepthController: 	mWaitingOnSurfaceValidity: false
04-15 02:09:12.569 13975 13975 D BaseDepthController: 	mBaseSurface: null
04-15 02:09:12.569 13975 13975 D BaseDepthController: mSurface is null and mCurrentBlur is: 0
04-15 02:09:12.569 13975 13975 D LauncherStateManager: StateManager.goToState: fromState: Normal, toState: Normal, partial trace:
04-15 02:09:12.569 13975 13975 D LauncherStateManager: 	at com.android.launcher3.statemanager.StateManager.moveToRestState(go/retraceme 144566bd9520bc83e5304c26b07b13110d583e327fe0d444e5839d5db5f7f1ec:27)
04-15 02:09:12.569 13975 13975 D LauncherStateManager: 	at com.android.launcher3.statemanager.StateManager.moveToRestState(go/retraceme 144566bd9520bc83e5304c26b07b13110d583e327fe0d444e5839d5db5f7f1ec:36)
04-15 02:09:12.569 13975 13975 D LauncherStateManager: 	at com.android.launcher3.statemanager.StatefulActivity.onStop(go/retraceme 144566bd9520bc83e5304c26b07b13110d583e327fe0d444e5839d5db5f7f1ec:32)
04-15 02:09:12.569 13975 13975 D LauncherStateManager: StateManager.onRepeatStateSetAborted: state: Normal
04-15 02:09:12.569 13975 13975 D KeyboardStateManager: hideKeyboard
04-15 02:09:12.569 13975 13975 D KeyboardStateManager: isImeShown: false
04-15 02:09:12.569 13975 13975 D StatsLog: LAUNCHER_ONSTOP
04-15 02:09:12.570 13975 14049 D GmsPlayProvider: Shutdown the binder channel gracefully.
04-15 02:09:12.570 13975 14049 D GmsPlayProvider: Binder channel is terminated gracefully.
04-15 02:09:12.570 13975 13975 D StatsLog: LAUNCHER_GOOGLE_SEARCH_RESTORE_LIST_SIZE_AFTER_ACTIVITY_RESTART
04-15 02:09:12.575  2673  2751 D WindowOnBackDispatcher: setTopOnBackInvokedCallback (unwrapped): null
04-15 02:09:12.583  1782  2306 I ImeTracker: com.codex.cardisconnecttracker:6d7cb64b: onRequestHide at ORIGIN_SERVER reason HIDE_UNSPECIFIED_WINDOW fromUser false userId 0 displayId 0
04-15 02:09:12.583 25077 25077 I ImeTracker: com.codex.cardisconnecttracker:6d7cb64b: onCancelled at PHASE_CLIENT_ALREADY_HIDDEN
04-15 02:09:12.584  4203  4203 I GoogleInputMethodService: GoogleInputMethodService.onFinishInput():2159
04-15 02:09:12.584  4203  4203 I Module  : DeviceLockedStatusModuleProvider$Module.updateDeviceLockedStatus():103 repeatCheckTimes = 0, locked = false
04-15 02:09:12.585  4203  4203 I GoogleInputMethodService: GoogleInputMethodService.onStartInput():1434 onStartInput(EditorInfo{EditorInfo{packageName=com.codex.cardisconnecttracker, inputType=0, inputTypeString=NULL, enableLearning=false, autoCorrection=false, autoComplete=false, imeOptions=0, privateImeOptions=null, actionName=UNSPECIFIED, actionLabel=null, initialSelStart=-1, initialSelEnd=-1, initialCapsMode=0, label=null, fieldId=0, fieldName=null, extras=null, hintText=null, hintLocales=[]}}, false)
04-15 02:09:12.585  4203  4203 I AndroidIME: LatinIMEBase.updateInputViewCoverNavigation():312 Update input view padding, isNavbarOverInputWindow=true, bottom inset=138
04-15 02:09:12.585  1782  2741 I ImeTracker: system_server:606f2595: onRequestHide at ORIGIN_SERVER reason IME_REQUESTED_CHANGED_LISTENER fromUser false displayId 0
04-15 02:09:12.585  4203  4203 I Module  : DeviceLockedStatusModuleProvider$Module.updateDeviceLockedStatus():103 repeatCheckTimes = 1, locked = false
04-15 02:09:12.585  1782  1857 I ImeTracker: system_server:606f2595: onCancelled at PHASE_SERVER_SHOULD_HIDE
04-15 02:09:12.612 13975 13975 D b/417220811: invalidateLoadedTasks - previous requestLoadId: -1
04-15 02:09:12.647  1782  4698 V GrammaticalInflectionUtils: AttributionSource: android.content.AttributionSource@9d770fef does not have READ_SYSTEM_GRAMMATICAL_GENDER permission.
04-15 02:09:12.649 13975 13975 D RecentsView: onTaskDisplayChanged: 3083, new displayId = 0
04-15 02:09:12.650   611   674 I libbinder.BpBinder: onLastStrongRef automatically unlinking death recipients for binder (0xb400006e5bf11fd0) with descriptor: '(not cached)'
04-15 02:09:12.651  2673  2711 W DisplayDisconnectTransitionHandler: No disconnect change found in the transition, not handling request.
04-15 02:09:12.652 25077 25077 D LifecycleMonitor: Lifecycle status change: com.codex.cardisconnecttracker.MainActivity@7b723da in: PAUSED
04-15 02:09:12.652 25077 25077 V ActivityScenario: Update currentActivityStage to PAUSED, currentActivity=com.codex.cardisconnecttracker.MainActivity@7b723da
04-15 02:09:12.652 13975 13975 D b/417220811: invalidateLoadedTasks - previous requestLoadId: -1
04-15 02:09:12.653 13975 13975 D b/417220811: invalidateLoadedTasks - previous requestLoadId: -1
04-15 02:09:12.655   766   766 W powerhal-libperfmgr: Sess(15075), cannot resume, already active
04-15 02:09:12.655   766   766 W powerhal-libperfmgr: Sess(15083), cannot resume, already active
04-15 02:09:12.655   766   766 W powerhal-libperfmgr: Sess(15091), cannot resume, already active
04-15 02:09:12.655   766   766 W powerhal-libperfmgr: Sess(15087), cannot resume, already active
04-15 02:09:12.655   766   766 W powerhal-libperfmgr: Sess(15079), cannot resume, already active
04-15 02:09:12.672 25123 25123 D VRI[InstrumentationActivityInvoker$EmptyFloatingActivity]: WindowInsets changed: 1080x2203 mandatorySystemGestures:[0,35,0,23]
04-15 02:09:12.672 25123 25123 D WindowOnBackDispatcher: setTopOnBackInvokedCallback (unwrapped): android.view.ViewRootImpl$$ExternalSyntheticLambda25@d5cdad6
04-15 02:09:12.674 25123 25123 D VRI[InstrumentationActivityInvoker$EmptyFloatingActivity]: WindowInsets changed: 0x0 mandatorySystemGestures:null
04-15 02:09:12.678 25077 25077 D LifecycleMonitor: Lifecycle status change: com.codex.cardisconnecttracker.MainActivity@7b723da in: RESUMED
04-15 02:09:12.678 13975 13975 D b/417220811: invalidateLoadedTasks - previous requestLoadId: -1
04-15 02:09:12.679 25077 25077 V ActivityScenario: Update currentActivityStage to RESUMED, currentActivity=com.codex.cardisconnecttracker.MainActivity@7b723da
04-15 02:09:12.685 13975 13975 D b/417220811: invalidateLoadedTasks - previous requestLoadId: -1
04-15 02:09:12.687 25123 25123 D WindowOnBackDispatcher: setTopOnBackInvokedCallback (unwrapped): null
04-15 02:09:12.690 25123 25123 D ViewRootImpl: Skipping stats log for color mode
04-15 02:09:12.693 13975 13975 D RecentsView: onTaskRemoved: 3083, not handling task stack changes
04-15 02:09:12.693 13975 13975 D RecentsView: onTaskRemoved: 3083, not handling task stack changes
04-15 02:09:12.699 13975 13975 D b/417220811: invalidateLoadedTasks - previous requestLoadId: -1
04-15 02:09:12.721  1782  2306 I ImeTracker: com.codex.cardisconnecttracker:ad9c207a: onRequestHide at ORIGIN_SERVER reason HIDE_SAME_WINDOW_FOCUSED_WITHOUT_EDITOR fromUser false userId 0 displayId 0
04-15 02:09:12.721 25077 25077 I ImeTracker: com.codex.cardisconnecttracker:ad9c207a: onCancelled at PHASE_CLIENT_ALREADY_HIDDEN
04-15 02:09:12.723  4203  4203 I GoogleInputMethodService: GoogleInputMethodService.onFinishInput():2159
04-15 02:09:12.723  4203  4203 I Module  : DeviceLockedStatusModuleProvider$Module.updateDeviceLockedStatus():103 repeatCheckTimes = 0, locked = false
04-15 02:09:12.724  4203  4203 I GoogleInputMethodService: GoogleInputMethodService.onStartInput():1434 onStartInput(EditorInfo{EditorInfo{packageName=com.codex.cardisconnecttracker, inputType=0, inputTypeString=NULL, enableLearning=false, autoCorrection=false, autoComplete=false, imeOptions=0, privateImeOptions=null, actionName=UNSPECIFIED, actionLabel=null, initialSelStart=-1, initialSelEnd=-1, initialCapsMode=0, label=null, fieldId=0, fieldName=null, extras=null, hintText=null, hintLocales=[]}}, false)
04-15 02:09:12.724  4203  4203 I AndroidIME: LatinIMEBase.updateInputViewCoverNavigation():312 Update input view padding, isNavbarOverInputWindow=true, bottom inset=138
04-15 02:09:12.724  4203  4203 I Module  : DeviceLockedStatusModuleProvider$Module.updateDeviceLockedStatus():103 repeatCheckTimes = 1, locked = false
04-15 02:09:12.777 13975 13975 D b/417220811: invalidateLoadedTasks - previous requestLoadId: -1
04-15 02:09:12.842  1782  5169 V GrammaticalInflectionUtils: AttributionSource: android.content.AttributionSource@9d770fef does not have READ_SYSTEM_GRAMMATICAL_GENDER permission.
04-15 02:09:12.844 13975 13975 D RecentsView: onTaskDisplayChanged: 3084, new displayId = 0
04-15 02:09:12.845   611  3188 I libbinder.BpBinder: onLastStrongRef automatically unlinking death recipients for binder (0xb400006e5befb000) with descriptor: '(not cached)'
04-15 02:09:12.847 25077 25077 D LifecycleMonitor: Lifecycle status change: com.codex.cardisconnecttracker.MainActivity@7b723da in: PAUSED
04-15 02:09:12.847 25077 25077 V ActivityScenario: Update currentActivityStage to PAUSED, currentActivity=com.codex.cardisconnecttracker.MainActivity@7b723da
04-15 02:09:12.848  2673  2711 W DisplayDisconnectTransitionHandler: No disconnect change found in the transition, not handling request.
04-15 02:09:12.852 13975 13975 D b/417220811: invalidateLoadedTasks - previous requestLoadId: -1
04-15 02:09:12.852 13975 13975 D b/417220811: invalidateLoadedTasks - previous requestLoadId: -1
04-15 02:09:12.854   766   766 W powerhal-libperfmgr: Sess(15094), cannot resume, already active
04-15 02:09:12.854   766   766 W powerhal-libperfmgr: Sess(15075), cannot resume, already active
04-15 02:09:12.854   766   766 W powerhal-libperfmgr: Sess(15083), cannot resume, already active
04-15 02:09:12.854   766   766 W powerhal-libperfmgr: Sess(15091), cannot resume, already active
04-15 02:09:12.855   766   766 W powerhal-libperfmgr: Sess(15087), cannot resume, already active
04-15 02:09:12.855   766   766 W powerhal-libperfmgr: Sess(15079), cannot resume, already active
04-15 02:09:12.856  2673  2751 D WindowOnBackDispatcher: setTopOnBackInvokedCallback (unwrapped): android.view.ViewRootImpl$$ExternalSyntheticLambda25@a1b9d88
04-15 02:09:12.870 13975 13975 D b/417220811: invalidateLoadedTasks - previous requestLoadId: -1
04-15 02:09:12.871 25123 25123 D VRI[InstrumentationActivityInvoker$EmptyActivity]: WindowInsets changed: 1080x2424 statusBars:[0,152,0,0] navigationBars:[0,0,0,69] mandatorySystemGestures:[0,187,0,92]
04-15 02:09:12.871 25123 25123 D WindowOnBackDispatcher: setTopOnBackInvokedCallback (unwrapped): android.view.ViewRootImpl$$ExternalSyntheticLambda25@5d9400c
04-15 02:09:12.876 25077 25077 D VRI[MainActivity]: visibilityChanged oldVisibility=true newVisibility=false
04-15 02:09:12.879  1782  1853 I ActivityTaskManager: Displayed com.codex.cardisconnecttracker.test/androidx.test.core.app.InstrumentationActivityInvoker$EmptyActivity for user 0: +37ms
04-15 02:09:12.880   611   674 I libbinder.BpBinder: onLastStrongRef automatically unlinking death recipients for binder (0xb400006e5becedf0) with descriptor: '(not cached)'
04-15 02:09:12.881  2673  2711 W DisplayDisconnectTransitionHandler: No disconnect change found in the transition, not handling request.
04-15 02:09:12.885  2673  2751 D WindowOnBackDispatcher: setTopOnBackInvokedCallback (unwrapped): null
04-15 02:09:12.888 13975 13975 D ViewRootImpl: Skipping stats log for color mode
04-15 02:09:12.888 13975 13975 D BaseActivity: Launcher flags updated: [state_started] +[state_started]
04-15 02:09:12.889 13975 13975 D BaseActivity: Launcher flags updated: [state_started|state_resumed|state_user_active] +[state_resumed|state_user_active]
04-15 02:09:12.889 13975 13975 D BaseActivity: Launcher flags updated: [state_started|state_resumed|state_user_active] +[]
04-15 02:09:12.889 13975 13975 D BaseActivity: Launcher flags updated: [state_started|state_resumed|state_deferred_resumed|state_user_active] +[state_deferred_resumed]
04-15 02:09:12.889 13975 13975 D StatsLog: LAUNCHER_ONRESUME
04-15 02:09:12.890 13975 13975 D NexusLauncherModelDelegate: notifySmartspaceEvent: SmartspaceTargetEvent{mSmartspaceTarget=null, mSmartspaceActionId='null', mEventType=6}
04-15 02:09:12.892 13975 13998 D QuickstepModelDelegate: notifyAppTargetEvent action=1 launchLocation=workspace/0/[-1,-1]/[1,1]
04-15 02:09:12.893 13975 13975 D BaseDepthController: setSurface:
04-15 02:09:12.893 13975 13975 D BaseDepthController: 	mWaitingOnSurfaceValidity: false
04-15 02:09:12.893 13975 13975 D BaseDepthController: 	mBaseSurface: Surface(name=com.google.android.apps.nexuslauncher/com.google.android.apps.nexuslauncher.NexusLauncherActivity#80871)/@0xba6ca9
04-15 02:09:12.893 13975 13975 V BaseDepthController: Applying blur: 0 to Surface(name=com.google.android.apps.nexuslauncher/com.google.android.apps.nexuslauncher.NexusLauncherActivity#80871)/@0xba6ca9 applyImmediately: false
04-15 02:09:12.893 13975 13975 D BaseDepthController: shouldBlurWorkspace: false targetState: Normal currentStableState: Normal mCurrentBlur: 0 mLauncher.getDepthBlurTargets(): [com.android.launcher3.Workspace{5958714 V.ED..... .......D 0,0-1080,2424 #7f0a04ae app:id/workspace}, com.android.launcher3.Hotseat{fdecb17 V.ED..... .......D 0,1906-1080,2424 #7f0a01f6 app:id/hotseat}]
04-15 02:09:12.896  2673  3224 D WallpaperService: onVisibilityChanged(true): com.android.systemui.wallpapers.ImageWallpaper$CanvasEngine@e34f479
04-15 02:09:12.897 13975 13975 D b/417220811: invalidateLoadedTasks - previous requestLoadId: -1
04-15 02:09:12.906 13975 13975 D LauncherStateManager: StateManager.cancelAnimation: animation ongoing: false, partial trace:
04-15 02:09:12.906 13975 13975 D LauncherStateManager: 	at com.android.launcher3.statemanager.StateManager.setCurrentAnimation(go/retraceme 144566bd9520bc83e5304c26b07b13110d583e327fe0d444e5839d5db5f7f1ec:60)
04-15 02:09:12.906 13975 13975 D LauncherStateManager: 	at com.android.launcher3.QuickstepTransitionManager.createWallpaperOpenAnimations(go/retraceme 144566bd9520bc83e5304c26b07b13110d583e327fe0d444e5839d5db5f7f1ec:667)
04-15 02:09:12.906 13975 13975 D LauncherStateManager: 	at com.android.launcher3.QuickstepTransitionManager$WallpaperOpenLauncherAnimationRunner.onAnimationStart(go/retraceme 144566bd9520bc83e5304c26b07b13110d583e327fe0d444e5839d5db5f7f1ec:95)
04-15 02:09:12.906 13975 13975 D LauncherStateManager: StateManager.createAtomicAnimation: fromState: Normal, toState: Normal, partial trace:
04-15 02:09:12.906 13975 13975 D LauncherStateManager: 	at com.android.quickstep.util.WorkspaceRevealAnim.prepareToAnimate(go/retraceme 144566bd9520bc83e5304c26b07b13110d583e327fe0d444e5839d5db5f7f1ec:20)
04-15 02:09:12.906 13975 13975 D LauncherStateManager: 	at com.android.quickstep.util.WorkspaceRevealAnim.<init>(go/retraceme 144566bd9520bc83e5304c26b07b13110d583e327fe0d444e5839d5db5f7f1ec:11)
04-15 02:09:12.906 13975 13975 D LauncherStateManager: 	at com.android.launcher3.QuickstepTransitionManager.createWallpaperOpenAnimations(go/retraceme 144566bd9520bc83e5304c26b07b13110d583e327fe0d444e5839d5db5f7f1ec:704)
04-15 02:09:12.906 13975 13975 D AllAppsTransitionController: shouldProtectHeader: false skipScrim: true state: Normal stateManager.getState(): Normal
04-15 02:09:12.906 13975 13975 D KeyboardInsetsHandler: removePendingImeController: pendingImeController=null
04-15 02:09:12.906 13975 13975 D b/311077782: LauncherAnimationRunner.setAnimation
04-15 02:09:12.906 13975 13975 D WorkspaceRevealAnim: onAnimationEnd: workspace alpha = 1.0
04-15 02:09:12.909 16287 16308 I AiAiEcho: (REDACTED) Predicting[%d]: %s
04-15 02:09:12.909 16287 16308 I AiAiEcho: (REDACTED) EchoTargets: %s
04-15 02:09:12.909 16287 16308 I AiAiEcho: Filtered by AiAi flag check: %s
04-15 02:09:12.909 16287 16308 I AiAiEcho: (REDACTED) #weatherSubItemsTwiddler: Weather removes SubtitleSupplementalItem in surface: %s
04-15 02:09:12.909 16287 16308 I AiAiEcho: #remoteViewsTwiddler: feature disabled.
04-15 02:09:12.910 16287 16308 I AiAiEcho: (REDACTED) %s No tracked ambient data found for ID: %s; for event type: %d, skipping event processing.
04-15 02:09:12.911 16287 16308 I AiAiEcho: (REDACTED) #postPredictionTargets: Sending updates to UISurface %s with targets# %s (types=[%s])
04-15 02:09:12.917 25077 25077 D LifecycleMonitor: Lifecycle status change: com.codex.cardisconnecttracker.MainActivity@7b723da in: STOPPED
04-15 02:09:12.917 25077 25077 V ActivityScenario: Update currentActivityStage to STOPPED, currentActivity=com.codex.cardisconnecttracker.MainActivity@7b723da
04-15 02:09:12.918 25123 25123 D VRI[InstrumentationActivityInvoker$EmptyActivity]: visibilityChanged oldVisibility=true newVisibility=false
04-15 02:09:12.923 13975 13975 D SsBaseTemplateCard: Passed-in item info is null
04-15 02:09:12.923 13975 13975 I SsBaseTemplateCard: setFormattedContentDescription: text=13°C, iconDescription=Clear night, contentDescription=Clear night 13°C
04-15 02:09:12.923 13975 13975 D SsBaseTemplateCard: Passed-in item info is null
04-15 02:09:12.923 13975 13975 D SsBaseTemplateCard: Passed-in item info is null
04-15 02:09:12.923 13975 13975 I SsBaseTemplateCard: Secondary card pane is null
04-15 02:09:12.925 25077 25077 D LifecycleMonitor: Lifecycle status change: com.codex.cardisconnecttracker.MainActivity@7b723da in: DESTROYED
04-15 02:09:12.925 25077 25077 V ActivityScenario: Update currentActivityStage to DESTROYED, currentActivity=null
04-15 02:09:12.925 25077 25077 D WindowOnBackDispatcher: setTopOnBackInvokedCallback (unwrapped): null
04-15 02:09:12.925 13975 13975 D BaseActivity: Launcher flags updated: [state_started|state_resumed|state_deferred_resumed|state_window_focused|state_user_active] +[state_window_focused]
04-15 02:09:12.928 25077 25077 D ViewRootImpl: Skipping stats log for color mode
04-15 02:09:12.929  1782  2306 I ImeTracker: com.google.android.apps.nexuslauncher:b5430950: onRequestHide at ORIGIN_SERVER reason HIDE_UNSPECIFIED_WINDOW fromUser false userId 0 displayId 0
04-15 02:09:12.929 13975 13975 I ImeTracker: com.google.android.apps.nexuslauncher:b5430950: onCancelled at PHASE_CLIENT_ALREADY_HIDDEN
04-15 02:09:12.930  1782  5600 I ImeTracker: system_server:20422d9b: onRequestHide at ORIGIN_SERVER reason IME_REQUESTED_CHANGED_LISTENER fromUser false displayId 0
04-15 02:09:12.930  4203  4203 I GoogleInputMethodService: GoogleInputMethodService.onFinishInput():2159
04-15 02:09:12.932  1782  5169 I ImeTracker: system_server:a384a620: onRequestHide at ORIGIN_SERVER reason IME_REQUESTED_CHANGED_LISTENER fromUser false displayId 0
04-15 02:09:12.932  1782  1857 I ImeTracker: system_server:20422d9b: onCancelled at PHASE_SERVER_SHOULD_HIDE
04-15 02:09:12.932  1782  1857 I ImeTracker: system_server:a384a620: onCancelled at PHASE_SERVER_SHOULD_HIDE
04-15 02:09:12.932 25077 25099 D IdlingRegistry: Unregistering idling resources: [androidx.compose.ui.test.junit4.EspressoLink@8710f6]
04-15 02:09:12.933 25077 25099 I TestRunner: finished: dismissesWelcomeAndShowsDashboardWhenSetupComplete(com.codex.cardisconnecttracker.MainActivityTest)
