04-15 02:09:11.467 25077 25099 I TestRunner: started: showsFinalStepWhenBackgroundLocationMissing(com.codex.cardisconnecttracker.MainActivityTest)
04-15 02:09:11.469 25077 25099 D IdlingRegistry: Registering idling resources: [androidx.compose.ui.test.junit4.EspressoLink@e283ed5]
04-15 02:09:11.469  9002  9037 D WM-GreedyScheduler: Ignoring {WorkSpec: 1156efd3-b0d6-41b2-9366-8d349a139384}. Requires ContentUri triggers.
04-15 02:09:11.470  9002  9037 I SyncWorkManagerOneTimeS: Successfully scheduled next onetime workers
04-15 02:09:11.471 13975 13975 D b/417220811: invalidateLoadedTasks - previous requestLoadId: -1
04-15 02:09:11.471 13975 13975 D RecentsView: onTaskRemoved: 3074, not handling task stack changes
04-15 02:09:11.471 13975 13975 D RecentsView: onTaskRemoved: 3074, not handling task stack changes
04-15 02:09:11.472 25077 25099 W Settings: Setting always_finish_activities has moved from android.provider.Settings.System to android.provider.Settings.Global, returning read-only value.
04-15 02:09:11.475  1782  4698 V GrammaticalInflectionUtils: AttributionSource: android.content.AttributionSource@9bc23750 does not have READ_SYSTEM_GRAMMATICAL_GENDER permission.
04-15 02:09:11.476 13975 13975 D RecentsView: onTaskDisplayChanged: 3076, new displayId = 0
04-15 02:09:11.476   611  3196 I libbinder.BpBinder: onLastStrongRef automatically unlinking death recipients for binder (0xb400006e5beec430) with descriptor: '(not cached)'
04-15 02:09:11.479 13975 13975 D BaseActivity: Launcher flags updated: [state_started|state_resumed|state_deferred_resumed|state_window_focused|state_user_active] -[]
04-15 02:09:11.480  2673  2711 W DisplayDisconnectTransitionHandler: No disconnect change found in the transition, not handling request.
04-15 02:09:11.481 13975 13975 D BaseActivity: Launcher flags updated: [state_started|state_resumed|state_deferred_resumed|state_window_focused] -[state_user_active]
04-15 02:09:11.481 13975 13975 D BaseActivity: Launcher flags updated: [state_started|state_window_focused] -[state_resumed|state_deferred_resumed]
04-15 02:09:11.481 13975 13975 W SplitSelectStateCtor: Missing session instanceIds
04-15 02:09:11.481 13975 13975 D StatsLog: LAUNCHER_SPLIT_SELECTION_EXIT_INTERRUPTED
04-15 02:09:11.484 13975 13975 D b/417220811: invalidateLoadedTasks - previous requestLoadId: -1
04-15 02:09:11.484 13975 13975 D b/417220811: invalidateLoadedTasks - previous requestLoadId: -1
04-15 02:09:11.485 25077 25077 D LifecycleMonitor: Lifecycle status change: com.codex.cardisconnecttracker.MainActivity@bb4c78e in: PRE_ON_CREATE
04-15 02:09:11.485 25077 25077 V ActivityScenario: Activity lifecycle changed event received but ignored because the reported transition was not ON_CREATE while the last known transition was PRE_ON_CREATE
04-15 02:09:11.486 25077 25077 I StorageUtils: /data/user/0/com.codex.cardisconnecttracker/files/osmdroid is writable
04-15 02:09:11.488 25077 25077 D LifecycleMonitor: Lifecycle status change: com.codex.cardisconnecttracker.MainActivity@bb4c78e in: CREATED
04-15 02:09:11.488 25077 25077 V ActivityScenario: Update currentActivityStage to CREATED, currentActivity=com.codex.cardisconnecttracker.MainActivity@bb4c78e
04-15 02:09:11.488  2673  2751 D WindowOnBackDispatcher: setTopOnBackInvokedCallback (unwrapped): android.view.ViewRootImpl$$ExternalSyntheticLambda25@3d64444
04-15 02:09:11.488 25077 25077 D LifecycleMonitor: Lifecycle status change: com.codex.cardisconnecttracker.MainActivity@bb4c78e in: STARTED
04-15 02:09:11.488 25077 25077 V ActivityScenario: Update currentActivityStage to STARTED, currentActivity=com.codex.cardisconnecttracker.MainActivity@bb4c78e
04-15 02:09:11.488 25077 25077 I ContentCaptureHelper: Setting logging level to OFF
04-15 02:09:11.491 25077 25077 D LifecycleMonitor: Lifecycle status change: com.codex.cardisconnecttracker.MainActivity@bb4c78e in: RESUMED
04-15 02:09:11.491 25077 25077 V ActivityScenario: Update currentActivityStage to RESUMED, currentActivity=com.codex.cardisconnecttracker.MainActivity@bb4c78e
04-15 02:09:11.491 25123 25123 D WindowOnBackDispatcher: setTopOnBackInvokedCallback (unwrapped): null
04-15 02:09:11.493 25123 25123 D ViewRootImpl: Skipping stats log for color mode
04-15 02:09:11.497 13975 13975 D b/417220811: invalidateLoadedTasks - previous requestLoadId: -1
04-15 02:09:11.500 13975 13975 D RecentsView: onTaskRemoved: 3075, not handling task stack changes
04-15 02:09:11.500 13975 13975 D RecentsView: onTaskRemoved: 3075, not handling task stack changes
04-15 02:09:11.504 13975 13975 D BaseActivity: Launcher flags updated: [state_started] -[state_window_focused]
04-15 02:09:11.507  8757  8757 I ContentProtectionServic: CP service destroyed
04-15 02:09:11.507  2673  3224 D WallpaperService: onVisibilityChanged(false): com.android.systemui.wallpapers.ImageWallpaper$CanvasEngine@e34f479
04-15 02:09:11.510  1782  2643 W ImageReader_JNI: Unable to acquire a buffer item, very likely client tried to acquire more than maxImages buffers
04-15 02:09:11.513 13975 13975 D b/417220811: invalidateLoadedTasks - previous requestLoadId: -1
04-15 02:09:11.513 13975 13975 D VRI[NexusLauncherActivity]: visibilityChanged oldVisibility=true newVisibility=false
04-15 02:09:11.521 25077 25077 D VRI[MainActivity]: WindowInsets changed: 1080x2424 statusBars:[0,152,0,0] navigationBars:[0,0,0,69] mandatorySystemGestures:[0,187,0,92]
04-15 02:09:11.521 13975 13975 D NexusLauncherModelDelegate: notifySmartspaceEvent: SmartspaceTargetEvent{mSmartspaceTarget=null, mSmartspaceActionId='null', mEventType=7}
04-15 02:09:11.521 25077 25077 D WindowOnBackDispatcher: setTopOnBackInvokedCallback (unwrapped): android.view.ViewRootImpl$$ExternalSyntheticLambda25@6cee5e5
04-15 02:09:11.522 16287 16308 I AiAiEcho: (REDACTED) %s No tracked ambient data found for ID: %s; for event type: %d, skipping event processing.
04-15 02:09:11.537  1782  1853 I ActivityTaskManager: Displayed com.codex.cardisconnecttracker/.MainActivity for user 0: +63ms
04-15 02:09:11.543 13975 13975 D BaseActivity: Launcher flags updated: [] -[state_started]
04-15 02:09:11.543 13975 13975 D BaseDepthController: setSurface:
04-15 02:09:11.543 13975 13975 D BaseDepthController: 	mWaitingOnSurfaceValidity: false
04-15 02:09:11.543 13975 13975 D BaseDepthController: 	mBaseSurface: null
04-15 02:09:11.543 13975 13975 D BaseDepthController: mSurface is null and mCurrentBlur is: 0
04-15 02:09:11.544 13975 13975 D LauncherStateManager: StateManager.goToState: fromState: Normal, toState: Normal, partial trace:
04-15 02:09:11.544 13975 13975 D LauncherStateManager: 	at com.android.launcher3.statemanager.StateManager.moveToRestState(go/retraceme 144566bd9520bc83e5304c26b07b13110d583e327fe0d444e5839d5db5f7f1ec:27)
04-15 02:09:11.544 13975 13975 D LauncherStateManager: 	at com.android.launcher3.statemanager.StateManager.moveToRestState(go/retraceme 144566bd9520bc83e5304c26b07b13110d583e327fe0d444e5839d5db5f7f1ec:36)
04-15 02:09:11.544 13975 13975 D LauncherStateManager: 	at com.android.launcher3.statemanager.StatefulActivity.onStop(go/retraceme 144566bd9520bc83e5304c26b07b13110d583e327fe0d444e5839d5db5f7f1ec:32)
04-15 02:09:11.544 13975 13975 D LauncherStateManager: StateManager.onRepeatStateSetAborted: state: Normal
04-15 02:09:11.544 13975 13975 D KeyboardStateManager: hideKeyboard
04-15 02:09:11.544 13975 13975 D KeyboardStateManager: isImeShown: false
04-15 02:09:11.544 13975 13975 D StatsLog: LAUNCHER_ONSTOP
04-15 02:09:11.544 13975 13975 D StatsLog: LAUNCHER_GOOGLE_SEARCH_RESTORE_LIST_SIZE_AFTER_ACTIVITY_RESTART
04-15 02:09:11.544 13975 14049 D GmsPlayProvider: Shutdown the binder channel gracefully.
04-15 02:09:11.544 13975 14049 D GmsPlayProvider: Binder channel is terminated gracefully.
04-15 02:09:11.549  2673  2751 D WindowOnBackDispatcher: setTopOnBackInvokedCallback (unwrapped): null
04-15 02:09:11.556  1782  2306 I ImeTracker: com.codex.cardisconnecttracker:8ecbd320: onRequestHide at ORIGIN_SERVER reason HIDE_UNSPECIFIED_WINDOW fromUser false userId 0 displayId 0
04-15 02:09:11.556 25077 25077 I ImeTracker: com.codex.cardisconnecttracker:8ecbd320: onCancelled at PHASE_CLIENT_ALREADY_HIDDEN
04-15 02:09:11.558  4203  4203 I GoogleInputMethodService: GoogleInputMethodService.onFinishInput():2159
04-15 02:09:11.558  1782  2741 I ImeTracker: system_server:c6e126ff: onRequestHide at ORIGIN_SERVER reason IME_REQUESTED_CHANGED_LISTENER fromUser false displayId 0
04-15 02:09:11.558  1782  1857 I ImeTracker: system_server:c6e126ff: onCancelled at PHASE_SERVER_SHOULD_HIDE
04-15 02:09:11.559  4203  4203 I Module  : DeviceLockedStatusModuleProvider$Module.updateDeviceLockedStatus():103 repeatCheckTimes = 0, locked = false
04-15 02:09:11.559  4203  4203 I GoogleInputMethodService: GoogleInputMethodService.onStartInput():1434 onStartInput(EditorInfo{EditorInfo{packageName=com.codex.cardisconnecttracker, inputType=0, inputTypeString=NULL, enableLearning=false, autoCorrection=false, autoComplete=false, imeOptions=0, privateImeOptions=null, actionName=UNSPECIFIED, actionLabel=null, initialSelStart=-1, initialSelEnd=-1, initialCapsMode=0, label=null, fieldId=0, fieldName=null, extras=null, hintText=null, hintLocales=[]}}, false)
04-15 02:09:11.560  4203  4203 I AndroidIME: LatinIMEBase.updateInputViewCoverNavigation():312 Update input view padding, isNavbarOverInputWindow=true, bottom inset=138
04-15 02:09:11.560  4203  4203 I Module  : DeviceLockedStatusModuleProvider$Module.updateDeviceLockedStatus():103 repeatCheckTimes = 1, locked = false
04-15 02:09:11.584 13975 13975 D b/417220811: invalidateLoadedTasks - previous requestLoadId: -1
04-15 02:09:11.642  1782  6366 V GrammaticalInflectionUtils: AttributionSource: android.content.AttributionSource@9d770fef does not have READ_SYSTEM_GRAMMATICAL_GENDER permission.
04-15 02:09:11.644 13975 13975 D RecentsView: onTaskDisplayChanged: 3077, new displayId = 0
04-15 02:09:11.644   611   675 I libbinder.BpBinder: onLastStrongRef automatically unlinking death recipients for binder (0xb400006e5bf02b10) with descriptor: '(not cached)'
04-15 02:09:11.646 13975 13975 D b/417220811: invalidateLoadedTasks - previous requestLoadId: -1
04-15 02:09:11.646 13975 13975 D b/417220811: invalidateLoadedTasks - previous requestLoadId: -1
04-15 02:09:11.646 25077 25077 D LifecycleMonitor: Lifecycle status change: com.codex.cardisconnecttracker.MainActivity@bb4c78e in: PAUSED
04-15 02:09:11.646  2673  2711 W DisplayDisconnectTransitionHandler: No disconnect change found in the transition, not handling request.
04-15 02:09:11.646 25077 25077 V ActivityScenario: Update currentActivityStage to PAUSED, currentActivity=com.codex.cardisconnecttracker.MainActivity@bb4c78e
04-15 02:09:11.649   766   766 W powerhal-libperfmgr: Sess(15075), cannot resume, already active
04-15 02:09:11.649   766   766 W powerhal-libperfmgr: Sess(15079), cannot resume, already active
04-15 02:09:11.654  2673  2751 D WindowOnBackDispatcher: setTopOnBackInvokedCallback (unwrapped): android.view.ViewRootImpl$$ExternalSyntheticLambda25@2229828
04-15 02:09:11.676 25077 25077 D VRI[MainActivity]: visibilityChanged oldVisibility=true newVisibility=false
04-15 02:09:11.676 25123 25123 D VRI[InstrumentationActivityInvoker$EmptyActivity]: WindowInsets changed: 1080x2424 statusBars:[0,152,0,0] navigationBars:[0,0,0,69] mandatorySystemGestures:[0,187,0,92]
04-15 02:09:11.677 25123 25123 D WindowOnBackDispatcher: setTopOnBackInvokedCallback (unwrapped): android.view.ViewRootImpl$$ExternalSyntheticLambda25@6a8de8d
04-15 02:09:11.678 13975 13975 D b/417220811: invalidateLoadedTasks - previous requestLoadId: -1
04-15 02:09:11.679 25077 25086 W sconnecttracker: Cleared Reference was only reachable from finalizer (only reported once)
04-15 02:09:11.683 25077 25086 W sconnecttracker: userfaultfd: MOVE ioctl seems unsupported: Connection timed out
04-15 02:09:11.687  1782  1853 I ActivityTaskManager: Displayed com.codex.cardisconnecttracker.test/androidx.test.core.app.InstrumentationActivityInvoker$EmptyActivity for user 0: +45ms
04-15 02:09:11.688  2673  2711 W DisplayDisconnectTransitionHandler: No disconnect change found in the transition, not handling request.
04-15 02:09:11.688   611  3188 I libbinder.BpBinder: onLastStrongRef automatically unlinking death recipients for binder (0xb400006e5becfa50) with descriptor: '(not cached)'
04-15 02:09:11.692  2673  2751 D WindowOnBackDispatcher: setTopOnBackInvokedCallback (unwrapped): null
04-15 02:09:11.693 13975 13975 D ViewRootImpl: Skipping stats log for color mode
04-15 02:09:11.693 13975 13975 D BaseActivity: Launcher flags updated: [state_started] +[state_started]
04-15 02:09:11.693 13975 13975 D BaseActivity: Launcher flags updated: [state_started|state_resumed|state_user_active] +[state_resumed|state_user_active]
04-15 02:09:11.693 13975 13975 D BaseActivity: Launcher flags updated: [state_started|state_resumed|state_user_active] +[]
04-15 02:09:11.693 13975 13975 D BaseActivity: Launcher flags updated: [state_started|state_resumed|state_deferred_resumed|state_user_active] +[state_deferred_resumed]
04-15 02:09:11.693 13975 13975 D StatsLog: LAUNCHER_ONRESUME
04-15 02:09:11.695 13975 13998 D QuickstepModelDelegate: notifyAppTargetEvent action=1 launchLocation=workspace/0/[-1,-1]/[1,1]
04-15 02:09:11.696 13975 13975 D NexusLauncherModelDelegate: notifySmartspaceEvent: SmartspaceTargetEvent{mSmartspaceTarget=null, mSmartspaceActionId='null', mEventType=6}
04-15 02:09:11.699 13975 13975 D BaseDepthController: setSurface:
04-15 02:09:11.699 13975 13975 D BaseDepthController: 	mWaitingOnSurfaceValidity: false
04-15 02:09:11.699 13975 13975 D BaseDepthController: 	mBaseSurface: Surface(name=com.google.android.apps.nexuslauncher/com.google.android.apps.nexuslauncher.NexusLauncherActivity#80738)/@0xba6ca9
04-15 02:09:11.699 13975 13975 V BaseDepthController: Applying blur: 0 to Surface(name=com.google.android.apps.nexuslauncher/com.google.android.apps.nexuslauncher.NexusLauncherActivity#80738)/@0xba6ca9 applyImmediately: false
04-15 02:09:11.699 13975 13975 D BaseDepthController: shouldBlurWorkspace: false targetState: Normal currentStableState: Normal mCurrentBlur: 0 mLauncher.getDepthBlurTargets(): [com.android.launcher3.Workspace{5958714 V.ED..... .......D 0,0-1080,2424 #7f0a04ae app:id/workspace}, com.android.launcher3.Hotseat{fdecb17 V.ED..... .......D 0,1906-1080,2424 #7f0a01f6 app:id/hotseat}]
04-15 02:09:11.701  2673  3224 D WallpaperService: onVisibilityChanged(true): com.android.systemui.wallpapers.ImageWallpaper$CanvasEngine@e34f479
04-15 02:09:11.702  1782  2306 I ImeTracker: com.codex.cardisconnecttracker.test:d448343: onRequestHide at ORIGIN_SERVER reason HIDE_UNSPECIFIED_WINDOW fromUser false userId 0 displayId 0
04-15 02:09:11.703 25123 25123 I ImeTracker: com.codex.cardisconnecttracker.test:d448343: onCancelled at PHASE_CLIENT_ALREADY_HIDDEN
04-15 02:09:11.704 13975 13975 D b/417220811: invalidateLoadedTasks - previous requestLoadId: -1
04-15 02:09:11.713 13975 13975 D LauncherStateManager: StateManager.cancelAnimation: animation ongoing: false, partial trace:
04-15 02:09:11.713 13975 13975 D LauncherStateManager: 	at com.android.launcher3.statemanager.StateManager.setCurrentAnimation(go/retraceme 144566bd9520bc83e5304c26b07b13110d583e327fe0d444e5839d5db5f7f1ec:60)
04-15 02:09:11.713 13975 13975 D LauncherStateManager: 	at com.android.launcher3.QuickstepTransitionManager.createWallpaperOpenAnimations(go/retraceme 144566bd9520bc83e5304c26b07b13110d583e327fe0d444e5839d5db5f7f1ec:667)
04-15 02:09:11.713 13975 13975 D LauncherStateManager: 	at com.android.launcher3.QuickstepTransitionManager$WallpaperOpenLauncherAnimationRunner.onAnimationStart(go/retraceme 144566bd9520bc83e5304c26b07b13110d583e327fe0d444e5839d5db5f7f1ec:95)
04-15 02:09:11.714 13975 13975 D LauncherStateManager: StateManager.createAtomicAnimation: fromState: Normal, toState: Normal, partial trace:
04-15 02:09:11.714 13975 13975 D LauncherStateManager: 	at com.android.quickstep.util.WorkspaceRevealAnim.prepareToAnimate(go/retraceme 144566bd9520bc83e5304c26b07b13110d583e327fe0d444e5839d5db5f7f1ec:20)
04-15 02:09:11.714 13975 13975 D LauncherStateManager: 	at com.android.quickstep.util.WorkspaceRevealAnim.<init>(go/retraceme 144566bd9520bc83e5304c26b07b13110d583e327fe0d444e5839d5db5f7f1ec:11)
04-15 02:09:11.714 13975 13975 D LauncherStateManager: 	at com.android.launcher3.QuickstepTransitionManager.createWallpaperOpenAnimations(go/retraceme 144566bd9520bc83e5304c26b07b13110d583e327fe0d444e5839d5db5f7f1ec:704)
04-15 02:09:11.714 13975 13975 D AllAppsTransitionController: shouldProtectHeader: false skipScrim: true state: Normal stateManager.getState(): Normal
04-15 02:09:11.714 13975 13975 D KeyboardInsetsHandler: removePendingImeController: pendingImeController=null
04-15 02:09:11.714 13975 13975 D b/311077782: LauncherAnimationRunner.setAnimation
04-15 02:09:11.714 13975 13975 D WorkspaceRevealAnim: onAnimationEnd: workspace alpha = 1.0
04-15 02:09:11.717  4203  4203 I GoogleInputMethodService: GoogleInputMethodService.onFinishInput():2159
04-15 02:09:11.718  4203  4203 I Module  : DeviceLockedStatusModuleProvider$Module.updateDeviceLockedStatus():103 repeatCheckTimes = 0, locked = false
04-15 02:09:11.718  4203  4203 I GoogleInputMethodService: GoogleInputMethodService.onStartInput():1434 onStartInput(EditorInfo{EditorInfo{packageName=com.codex.cardisconnecttracker.test, inputType=0, inputTypeString=NULL, enableLearning=false, autoCorrection=false, autoComplete=false, imeOptions=0, privateImeOptions=null, actionName=UNSPECIFIED, actionLabel=null, initialSelStart=-1, initialSelEnd=-1, initialCapsMode=0, label=null, fieldId=0, fieldName=null, extras=null, hintText=null, hintLocales=[]}}, false)
04-15 02:09:11.718  4203  4203 I AndroidIME: LatinIMEBase.updateInputViewCoverNavigation():312 Update input view padding, isNavbarOverInputWindow=true, bottom inset=138
04-15 02:09:11.719  4203  4203 I Module  : DeviceLockedStatusModuleProvider$Module.updateDeviceLockedStatus():103 repeatCheckTimes = 1, locked = false
04-15 02:09:11.721 25077 25077 D LifecycleMonitor: Lifecycle status change: com.codex.cardisconnecttracker.MainActivity@bb4c78e in: STOPPED
04-15 02:09:11.721 25077 25077 V ActivityScenario: Update currentActivityStage to STOPPED, currentActivity=com.codex.cardisconnecttracker.MainActivity@bb4c78e
04-15 02:09:11.724  1782  6366 I ImeTracker: system_server:e4935a5a: onRequestHide at ORIGIN_SERVER reason IME_REQUESTED_CHANGED_LISTENER fromUser false displayId 0
04-15 02:09:11.725  1782  1857 I ImeTracker: system_server:e4935a5a: onCancelled at PHASE_SERVER_SHOULD_HIDE
04-15 02:09:11.726 16287 16308 I AiAiEcho: (REDACTED) Predicting[%d]: %s
04-15 02:09:11.727 16287 16308 I AiAiEcho: (REDACTED) EchoTargets: %s
04-15 02:09:11.727 16287 16308 I AiAiEcho: Filtered by AiAi flag check: %s
04-15 02:09:11.728 16287 16308 I AiAiEcho: (REDACTED) #weatherSubItemsTwiddler: Weather removes SubtitleSupplementalItem in surface: %s
04-15 02:09:11.729 16287 16308 I AiAiEcho: #remoteViewsTwiddler: feature disabled.
04-15 02:09:11.729 16287 16308 I AiAiEcho: (REDACTED) %s No tracked ambient data found for ID: %s; for event type: %d, skipping event processing.
04-15 02:09:11.730 13975 13975 D BaseActivity: Launcher flags updated: [state_started|state_resumed|state_deferred_resumed|state_window_focused|state_user_active] +[state_window_focused]
04-15 02:09:11.731 16287 16308 I AiAiEcho: (REDACTED) #postPredictionTargets: Sending updates to UISurface %s with targets# %s (types=[%s])
04-15 02:09:11.731  1782  2306 I ImeTracker: com.google.android.apps.nexuslauncher:59409a3b: onRequestHide at ORIGIN_SERVER reason HIDE_UNSPECIFIED_WINDOW fromUser false userId 0 displayId 0
04-15 02:09:11.731 13975 13975 I ImeTracker: com.google.android.apps.nexuslauncher:59409a3b: onCancelled at PHASE_CLIENT_ALREADY_HIDDEN
04-15 02:09:11.733  4203  4203 I GoogleInputMethodService: GoogleInputMethodService.onFinishInput():2159
04-15 02:09:11.733  4203  4245 W DynamicLanguageSetterModule: DynamicLanguageSetterModule.getApplicationLocales():580 Failed to get the application locales
04-15 02:09:11.733  4203  4245 W DynamicLanguageSetterModule: java.lang.SecurityException: getApplicationLocales: Neither user 10199 nor current process has android.permission.READ_APP_SPECIFIC_LOCALES.
04-15 02:09:11.733  4203  4245 W DynamicLanguageSetterModule: 	at android.os.Parcel.createExceptionOrNull(Parcel.java:3370)
04-15 02:09:11.733  4203  4245 W DynamicLanguageSetterModule: 	at android.os.Parcel.createException(Parcel.java:3354)
04-15 02:09:11.733  4203  4245 W DynamicLanguageSetterModule: 	at android.os.Parcel.readException(Parcel.java:3337)
04-15 02:09:11.733  4203  4245 W DynamicLanguageSetterModule: 	at android.os.Parcel.readException(Parcel.java:3279)
04-15 02:09:11.733  4203  4245 W DynamicLanguageSetterModule: 	at android.app.ILocaleManager$Stub$Proxy.getApplicationLocales(ILocaleManager.java:237)
04-15 02:09:11.733  4203  4245 W DynamicLanguageSetterModule: 	at android.app.LocaleManager.getApplicationLocales(LocaleManager.java:149)
04-15 02:09:11.733  4203  4245 W DynamicLanguageSetterModule: 	at a$$ExternalSyntheticApiModelOutline4.m(D8$$SyntheticClass:24)
04-15 02:09:11.733  4203  4245 W DynamicLanguageSetterModule: 	at mcg.c(PG:23)
04-15 02:09:11.733  4203  4245 W DynamicLanguageSetterModule: 	at mbx.call(PG:5)
04-15 02:09:11.733  4203  4245 W DynamicLanguageSetterModule: 	at uxt.a(PG:3)
04-15 02:09:11.733  4203  4245 W DynamicLanguageSetterModule: 	at uwx.run(PG:19)
04-15 02:09:11.733  4203  4245 W DynamicLanguageSetterModule: 	at uxu.run(PG:5)
04-15 02:09:11.733  4203  4245 W DynamicLanguageSetterModule: 	at java.util.concurrent.Executors$RunnableAdapter.call(Executors.java:520)
04-15 02:09:11.733  4203  4245 W DynamicLanguageSetterModule: 	at java.util.concurrent.FutureTask.run(FutureTask.java:317)
04-15 02:09:11.733  4203  4245 W DynamicLanguageSetterModule: 	at lqo.run(PG:8)
04-15 02:09:11.733  4203  4245 W DynamicLanguageSetterModule: 	at java.util.concurrent.ThreadPoolExecutor.runWorker(ThreadPoolExecutor.java:1154)
04-15 02:09:11.733  4203  4245 W DynamicLanguageSetterModule: 	at java.util.concurrent.ThreadPoolExecutor$Worker.run(ThreadPoolExecutor.java:652)
04-15 02:09:11.733  4203  4245 W DynamicLanguageSetterModule: 	at java.lang.Thread.run(Thread.java:1564)
04-15 02:09:11.733  4203  4245 W DynamicLanguageSetterModule: 	at lpy.run(PG:8)
04-15 02:09:11.733  4203  4245 W DynamicLanguageSetterModule: Caused by: android.os.RemoteException: Remote stack trace:
04-15 02:09:11.733  4203  4245 W DynamicLanguageSetterModule: 	at android.app.ContextImpl.enforce(ContextImpl.java:2569)
04-15 02:09:11.733  4203  4245 W DynamicLanguageSetterModule: 	at android.app.ContextImpl.enforceCallingOrSelfPermission(ContextImpl.java:2597)
04-15 02:09:11.733  4203  4245 W DynamicLanguageSetterModule: 	at com.android.server.locales.LocaleManagerService.enforceReadAppSpecificLocalesPermission(LocaleManagerService.java:504)
04-15 02:09:11.733  4203  4245 W DynamicLanguageSetterModule: 	at com.android.server.locales.LocaleManagerService.getApplicationLocales(LocaleManagerService.java:432)
04-15 02:09:11.733  4203  4245 W DynamicLanguageSetterModule: 	at com.android.server.locales.LocaleManagerService$LocaleManagerBinderService.getApplicationLocales(LocaleManagerService.java:196)
04-15 02:09:11.733  4203  4245 W DynamicLanguageSetterModule:
04-15 02:09:11.733  4203  4203 I Module  : DeviceLockedStatusModuleProvider$Module.updateDeviceLockedStatus():103 repeatCheckTimes = 0, locked = false
04-15 02:09:11.734  4203  4203 I GoogleInputMethodService: GoogleInputMethodService.onStartInput():1434 onStartInput(EditorInfo{EditorInfo{packageName=com.google.android.apps.nexuslauncher, inputType=0, inputTypeString=NULL, enableLearning=false, autoCorrection=false, autoComplete=false, imeOptions=0, privateImeOptions=null, actionName=UNSPECIFIED, actionLabel=null, initialSelStart=-1, initialSelEnd=-1, initialCapsMode=0, label=null, fieldId=0, fieldName=null, extras=null, hintText=null, hintLocales=[]}}, false)
04-15 02:09:11.734  4203  4203 I AndroidIME: LatinIMEBase.updateInputViewCoverNavigation():312 Update input view padding, isNavbarOverInputWindow=true, bottom inset=138
04-15 02:09:11.734  1782  4786 I ImeTracker: system_server:ecf1cb85: onRequestHide at ORIGIN_SERVER reason IME_REQUESTED_CHANGED_LISTENER fromUser false displayId 0
04-15 02:09:11.734  4203  4203 I Module  : DeviceLockedStatusModuleProvider$Module.updateDeviceLockedStatus():103 repeatCheckTimes = 1, locked = false
04-15 02:09:11.734  1782  1857 I ImeTracker: system_server:ecf1cb85: onCancelled at PHASE_SERVER_SHOULD_HIDE
04-15 02:09:11.735 25077 25077 D LifecycleMonitor: Lifecycle status change: com.codex.cardisconnecttracker.MainActivity@bb4c78e in: DESTROYED
04-15 02:09:11.735 25077 25077 V ActivityScenario: Update currentActivityStage to DESTROYED, currentActivity=null
04-15 02:09:11.735 25077 25077 D WindowOnBackDispatcher: setTopOnBackInvokedCallback (unwrapped): null
04-15 02:09:11.736 25123 25123 D WindowOnBackDispatcher: setTopOnBackInvokedCallback (unwrapped): null
04-15 02:09:11.736 25077 25077 D ViewRootImpl: Skipping stats log for color mode
04-15 02:09:11.741 25077 25099 D IdlingRegistry: Unregistering idling resources: [androidx.compose.ui.test.junit4.EspressoLink@e283ed5]
04-15 02:09:11.742 25077 25099 I TestRunner: finished: showsFinalStepWhenBackgroundLocationMissing(com.codex.cardisconnecttracker.MainActivityTest)
